C51 COMPILER V9.54   AT24C02                                                               06/02/2026 03:02:40 PAGE 1   


C51 COMPILER V9.54, COMPILATION OF MODULE AT24C02
OBJECT MODULE PLACED IN .\Objects\At24c02.obj
COMPILER INVOKED BY: E:\Keil5\C51\BIN\C51.EXE Bsw\EcuAb\At24c02\At24c02.c OPTIMIZE(8,SPEED) BROWSE INCDIR(.\App;.\App\Sw
                    -c;.\Config;.\Device;.\Bsw\Common;.\Bsw\Service\EcuM;.\Bsw\Service\Det;.\Bsw\Service\Rte;.\Bsw\Service\SchM;.\Bsw\Service
                    -\Timer2;.\Bsw\Mcal\Uart;.\Bsw\Mcal\Delay;.\Bsw\Mcal\Dio;.\Bsw\Mcal\Adc;.\Bsw\Mcal\Iap;.\Bsw\Mcal\Iic;.\Bsw\Mcal\IrSensor
                    -;.\Bsw\EcuAb\Serial;.\Bsw\EcuAb\IoHwAb;.\Bsw\EcuAb\Display;.\Bsw\EcuAb\Lcd1602;.\Bsw\EcuAb\At24c02;.\Bsw\EcuAb\Led8) DEB
                    -UG OBJECTEXTEND PRINT(.\Listings\At24c02.lst) OBJECT(.\Objects\At24c02.obj)

line level    source

   1          #include "At24c02.h"
   2          #include "Iic.h"
   3          
   4          #define AT24C02_BUFFER_SIZE       8u
   5          #define AT24C02_STATE_IDLE        0u
   6          #define AT24C02_STATE_START_REQ   1u
   7          #define AT24C02_STATE_START_WAIT  2u
   8          #define AT24C02_STATE_DEVW_REQ    3u
   9          #define AT24C02_STATE_DEVW_WAIT   4u
  10          #define AT24C02_STATE_ACK_REQ     5u
  11          #define AT24C02_STATE_ACK_WAIT    6u
  12          #define AT24C02_STATE_ADDR_REQ    7u
  13          #define AT24C02_STATE_ADDR_WAIT   8u
  14          #define AT24C02_STATE_DATA_REQ    9u
  15          #define AT24C02_STATE_DATA_WAIT   10u
  16          #define AT24C02_STATE_RSTART_REQ  11u
  17          #define AT24C02_STATE_RSTART_WAIT 12u
  18          #define AT24C02_STATE_DEVR_REQ    13u
  19          #define AT24C02_STATE_DEVR_WAIT   14u
  20          #define AT24C02_STATE_READ_REQ    15u
  21          #define AT24C02_STATE_READ_WAIT   16u
  22          #define AT24C02_STATE_STOP_REQ    17u
  23          #define AT24C02_STATE_STOP_WAIT   18u
  24          #define AT24C02_STATE_WRITE_WAIT  19u
  25          #define AT24C02_STATE_DONE        20u
  26          #define AT24C02_STATE_NACK_REQ    21u
  27          #define AT24C02_STATE_NACK_WAIT   22u
  28          
  29          #define AT24C02_JOB_NONE          0u
  30          #define AT24C02_JOB_WRITE         1u
  31          #define AT24C02_JOB_READ          2u
  32          
  33          static uint8 At24c02_State = AT24C02_STATE_IDLE;
  34          static uint8 At24c02_Job = AT24C02_JOB_NONE;
  35          static uint8 At24c02_Address = 0u;
  36          /* 异步读写共用的小缓冲区：写入前先复制，读取后上层再取走。 */
  37          static uint8 xdata At24c02_Buffer[AT24C02_BUFFER_SIZE];
  38          static uint8 At24c02_Length = 0u;
  39          static uint8 At24c02_Index = 0u;
  40          static uint8 At24c02_AfterAckState = AT24C02_STATE_IDLE;
  41          /* 写EEPROM后芯片内部还要自编程，STOP后等待几毫秒再报完成。 */
  42          static uint16 At24c02_WaitUntil = 0u;
  43          
  44          /* AT24C02初始化：先把软件IIC总线释放到空闲高电平。 */
  45          void At24c02_Init(void)
  46          {
  47   1          Iic_Init();
  48   1          At24c02_State = AT24C02_STATE_IDLE;
  49   1          At24c02_Job = AT24C02_JOB_NONE;
  50   1      }
  51          
C51 COMPILER V9.54   AT24C02                                                               06/02/2026 03:02:40 PAGE 2   

  52          /* 异步写入：复制数据后立即返回，实际IIC动作由MainFunction推进。 */
  53          Std_ReturnType At24c02_AsyncWrite(uint8 address, uint8 dataValue[], uint8 length)
  54          {
  55   1          uint8 i;
  56   1      
  57   1          if((At24c02_IsBusy() == TRUE) || (length == 0u) || (length > AT24C02_BUFFER_SIZE))
  58   1          {
  59   2              return E_NOT_OK;
  60   2          }
  61   1          for(i = 0u; i < length; i++)
  62   1          {
  63   2              At24c02_Buffer[i] = dataValue[i];
  64   2          }
  65   1          At24c02_Address = address;
  66   1          At24c02_Length = length;
  67   1          At24c02_Index = 0u;
  68   1          At24c02_Job = AT24C02_JOB_WRITE;
  69   1          At24c02_State = AT24C02_STATE_START_REQ;
  70   1          return E_OK;
  71   1      }
  72          
  73          /* 异步读取：只发起任务，读取结果后续用At24c02_GetData取得。 */
  74          Std_ReturnType At24c02_AsyncRead(uint8 address, uint8 length)
  75          {
  76   1          if((At24c02_IsBusy() == TRUE) || (length == 0u) || (length > AT24C02_BUFFER_SIZE))
  77   1          {
  78   2              return E_NOT_OK;
  79   2          }
  80   1          At24c02_Address = address;
  81   1          At24c02_Length = length;
  82   1          At24c02_Index = 0u;
  83   1          At24c02_Job = AT24C02_JOB_READ;
  84   1          At24c02_State = AT24C02_STATE_START_REQ;
  85   1          return E_OK;
  86   1      }
  87          
  88          /* AT24C02任务状态机：把一次读写拆成多个IIC小操作。 */
  89          void At24c02_MainFunction(uint16 tick)
  90          {
  91   1          switch(At24c02_State)
  92   1          {
  93   2              case AT24C02_STATE_START_REQ:
  94   2                  /* 先发IIC起始信号，后续所有步骤都等Iic_IsDone再继续。 */
  95   2                  if(Iic_StartOperation(IIC_OPERATION_START, 0u) == E_OK)
  96   2                  {
  97   3                      At24c02_State = AT24C02_STATE_START_WAIT;
  98   3                  }
  99   2                  break;
 100   2              case AT24C02_STATE_START_WAIT:
 101   2                  if(Iic_IsDone() == TRUE)
 102   2                  {
 103   3                      At24c02_State = AT24C02_STATE_DEVW_REQ;
 104   3                  }
 105   2                  break;
 106   2              case AT24C02_STATE_DEVW_REQ:
 107   2                  /* 0xA0：器件地址 + 写方向，用于写数据，也用于读之前写入目标地址。
             - */
 108   2                  if(Iic_StartOperation(IIC_OPERATION_WRITE_BYTE, 0xa0u) == E_OK)
 109   2                  {
 110   3                      At24c02_State = AT24C02_STATE_DEVW_WAIT;
 111   3                  }
 112   2                  break;
C51 COMPILER V9.54   AT24C02                                                               06/02/2026 03:02:40 PAGE 3   

 113   2              case AT24C02_STATE_DEVW_WAIT:
 114   2                  if(Iic_IsDone() == TRUE)
 115   2                  {
 116   3                      At24c02_AfterAckState = AT24C02_STATE_ADDR_REQ;
 117   3                      At24c02_State = AT24C02_STATE_ACK_REQ;
 118   3                  }
 119   2                  break;
 120   2              case AT24C02_STATE_ACK_REQ:
 121   2                  if(Iic_StartOperation(IIC_OPERATION_WAIT_ACK, 0u) == E_OK)
 122   2                  {
 123   3                      At24c02_State = AT24C02_STATE_ACK_WAIT;
 124   3                  }
 125   2                  break;
 126   2              case AT24C02_STATE_ACK_WAIT:
 127   2                  if(Iic_IsDone() == TRUE)
 128   2                  {
 129   3                      /* 不同阶段等ACK后要跳到不同状态，用AfterAckState保存下一步。 */
 130   3                      At24c02_State = At24c02_AfterAckState;
 131   3                  }
 132   2                  break;
 133   2              case AT24C02_STATE_ADDR_REQ:
 134   2                  /* 每次操作一个字节，地址按Index递增。 */
 135   2                  if(Iic_StartOperation(IIC_OPERATION_WRITE_BYTE, (uint8)(At24c02_Address + At24c02_Index)) == E
             -_OK)
 136   2                  {
 137   3                      At24c02_State = AT24C02_STATE_ADDR_WAIT;
 138   3                  }
 139   2                  break;
 140   2              case AT24C02_STATE_ADDR_WAIT:
 141   2                  if(Iic_IsDone() == TRUE)
 142   2                  {
 143   3                      if(At24c02_Job == AT24C02_JOB_WRITE)
 144   3                      {
 145   4                          At24c02_AfterAckState = AT24C02_STATE_DATA_REQ;
 146   4                      }
 147   3                      else
 148   3                      {
 149   4                          /* 随机读：先写目标地址，再重复起始切到读方向。 */
 150   4                          At24c02_AfterAckState = AT24C02_STATE_RSTART_REQ;
 151   4                      }
 152   3                      At24c02_State = AT24C02_STATE_ACK_REQ;
 153   3                  }
 154   2                  break;
 155   2              case AT24C02_STATE_DATA_REQ:
 156   2                  if(Iic_StartOperation(IIC_OPERATION_WRITE_BYTE, At24c02_Buffer[At24c02_Index]) == E_OK)
 157   2                  {
 158   3                      At24c02_State = AT24C02_STATE_DATA_WAIT;
 159   3                  }
 160   2                  break;
 161   2              case AT24C02_STATE_DATA_WAIT:
 162   2                  if(Iic_IsDone() == TRUE)
 163   2                  {
 164   3                      At24c02_Index++;
 165   3                      if(At24c02_Index >= At24c02_Length)
 166   3                      {
 167   4                          /* 写完最后一个字节后发STOP。 */
 168   4                          At24c02_AfterAckState = AT24C02_STATE_STOP_REQ;
 169   4                      }
 170   3                      else
 171   3                      {
 172   4                          At24c02_AfterAckState = AT24C02_STATE_DATA_REQ;
 173   4                      }
C51 COMPILER V9.54   AT24C02                                                               06/02/2026 03:02:40 PAGE 4   

 174   3                      At24c02_State = AT24C02_STATE_ACK_REQ;
 175   3                  }
 176   2                  break;
 177   2              case AT24C02_STATE_RSTART_REQ:
 178   2                  if(Iic_StartOperation(IIC_OPERATION_START, 0u) == E_OK)
 179   2                  {
 180   3                      At24c02_State = AT24C02_STATE_RSTART_WAIT;
 181   3                  }
 182   2                  break;
 183   2              case AT24C02_STATE_RSTART_WAIT:
 184   2                  if(Iic_IsDone() == TRUE)
 185   2                  {
 186   3                      At24c02_State = AT24C02_STATE_DEVR_REQ;
 187   3                  }
 188   2                  break;
 189   2              case AT24C02_STATE_DEVR_REQ:
 190   2                  /* 0xA1：器件地址 + 读方向。 */
 191   2                  if(Iic_StartOperation(IIC_OPERATION_WRITE_BYTE, 0xa1u) == E_OK)
 192   2                  {
 193   3                      At24c02_State = AT24C02_STATE_DEVR_WAIT;
 194   3                  }
 195   2                  break;
 196   2              case AT24C02_STATE_DEVR_WAIT:
 197   2                  if(Iic_IsDone() == TRUE)
 198   2                  {
 199   3                      At24c02_AfterAckState = AT24C02_STATE_READ_REQ;
 200   3                      At24c02_State = AT24C02_STATE_ACK_REQ;
 201   3                  }
 202   2                  break;
 203   2              case AT24C02_STATE_READ_REQ:
 204   2                  if(Iic_StartOperation(IIC_OPERATION_READ_BYTE, 0u) == E_OK)
 205   2                  {
 206   3                      At24c02_State = AT24C02_STATE_READ_WAIT;
 207   3                  }
 208   2                  break;
 209   2              case AT24C02_STATE_READ_WAIT:
 210   2                  if(Iic_IsDone() == TRUE)
 211   2                  {
 212   3                      /* 读回一个字节后暂存到缓冲区。 */
 213   3                      At24c02_Buffer[At24c02_Index] = Iic_GetReadData();
 214   3                      At24c02_Index++;
 215   3                      At24c02_State = AT24C02_STATE_NACK_REQ;
 216   3                  }
 217   2                  break;
 218   2              case AT24C02_STATE_NACK_REQ:
 219   2                  /* 当前实现每次只读一个字节，读完用NACK结束本次读。 */
 220   2                  if(Iic_StartOperation(IIC_OPERATION_SEND_NACK, 0u) == E_OK)
 221   2                  {
 222   3                      At24c02_State = AT24C02_STATE_NACK_WAIT;
 223   3                  }
 224   2                  break;
 225   2              case AT24C02_STATE_NACK_WAIT:
 226   2                  if(Iic_IsDone() == TRUE)
 227   2                  {
 228   3                      At24c02_State = AT24C02_STATE_STOP_REQ;
 229   3                  }
 230   2                  break;
 231   2              case AT24C02_STATE_STOP_REQ:
 232   2                  if(Iic_StartOperation(IIC_OPERATION_STOP, 0u) == E_OK)
 233   2                  {
 234   3                      At24c02_State = AT24C02_STATE_STOP_WAIT;
 235   3                  }
C51 COMPILER V9.54   AT24C02                                                               06/02/2026 03:02:40 PAGE 5   

 236   2                  break;
 237   2              case AT24C02_STATE_STOP_WAIT:
 238   2                  if(Iic_IsDone() == TRUE)
 239   2                  {
 240   3                      if(At24c02_Job == AT24C02_JOB_WRITE)
 241   3                      {
 242   4                          At24c02_WaitUntil = (uint16)(tick + 5u);
 243   4                          At24c02_State = AT24C02_STATE_WRITE_WAIT;
 244   4                      }
 245   3                      else if(At24c02_Index < At24c02_Length)
 246   3                      {
 247   4                          /* 多字节读用多次随机读完成，逻辑简单但不阻塞主循环。 */
 248   4                          At24c02_State = AT24C02_STATE_START_REQ;
 249   4                      }
 250   3                      else
 251   3                      {
 252   4                          At24c02_State = AT24C02_STATE_DONE;
 253   4                      }
 254   3                  }
 255   2                  break;
 256   2              case AT24C02_STATE_WRITE_WAIT:
 257   2                  if((sint16)(tick - At24c02_WaitUntil) >= 0)
 258   2                  {
 259   3                      At24c02_State = AT24C02_STATE_DONE;
 260   3                  }
 261   2                  break;
 262   2              default:
 263   2                  break;
 264   2          }
 265   1      }
 266          
 267          /* AT24C02是否正在执行读写任务。 */
 268          boolean At24c02_IsBusy(void)
 269          {
 270   1          if((At24c02_State != AT24C02_STATE_IDLE) && (At24c02_State != AT24C02_STATE_DONE))
 271   1          {
 272   2              return TRUE;
 273   2          }
 274   1          return FALSE;
 275   1      }
 276          
 277          /* 最近一次异步任务是否完成。 */
 278          boolean At24c02_IsJobDone(void)
 279          {
 280   1          if(At24c02_State == AT24C02_STATE_DONE)
 281   1          {
 282   2              return TRUE;
 283   2          }
 284   1          return FALSE;
 285   1      }
 286          
 287          /* 读取异步读任务缓冲区中的结果。 */
 288          uint8 At24c02_GetData(uint8 index)
 289          {
 290   1          if(index >= AT24C02_BUFFER_SIZE)
 291   1          {
 292   2              return 0u;
 293   2          }
 294   1          return At24c02_Buffer[index];
 295   1      }


C51 COMPILER V9.54   AT24C02                                                               06/02/2026 03:02:40 PAGE 6   

MODULE INFORMATION:   STATIC OVERLAYABLE
   CODE SIZE        =    690    ----
   CONSTANT SIZE    =   ----    ----
   XDATA SIZE       =      8    ----
   PDATA SIZE       =   ----    ----
   DATA SIZE        =      8       9
   IDATA SIZE       =   ----    ----
   BIT SIZE         =   ----    ----
END OF MODULE INFORMATION.


C51 COMPILATION COMPLETE.  0 WARNING(S),  0 ERROR(S)
