BL51 BANKED LINKER/LOCATER V6.22                                                        06/02/2026  08:58:49  PAGE 1


BL51 BANKED LINKER/LOCATER V6.22, INVOKED BY:
E:\KEIL5\C51\BIN\BL51.EXE .\Objects\main.obj, .\Objects\App.obj, .\Objects\Swc_AdcSampler.obj, .\Objects\Swc_Command.obj
>> , .\Objects\Swc_Storage.obj, .\Objects\Swc_IrHandler.obj, .\Objects\Swc_LcdPresenter.obj, .\Objects\Swc_SerialTx.obj,
>>  .\Objects\EcuM.obj, .\Objects\Det.obj, .\Objects\Rte.obj, .\Objects\SchM.obj, .\Objects\Timer2.obj, .\Objects\STARTU
>> P.obj, .\Objects\Delay.obj, .\Objects\Dio.obj, .\Objects\Uart.obj, .\Objects\Adc.obj, .\Objects\Iic.obj, .\Objects\Ir
>> Sensor.obj, .\Objects\Serial.obj, .\Objects\Lcd1602.obj, .\Objects\At24c02.obj, .\Objects\Led8.obj TO .\Objects\ExeHE
>> X PRINT (.\Listings\ExeHEX.m51) RAMSIZE (256)


MEMORY MODEL: SMALL


INPUT MODULES INCLUDED:
  .\Objects\main.obj (MAIN)
  .\Objects\App.obj (APP)
  .\Objects\Swc_AdcSampler.obj (SWC_ADCSAMPLER)
  .\Objects\Swc_Command.obj (SWC_COMMAND)
  .\Objects\Swc_Storage.obj (SWC_STORAGE)
  .\Objects\Swc_IrHandler.obj (SWC_IRHANDLER)
  .\Objects\Swc_LcdPresenter.obj (SWC_LCDPRESENTER)
  .\Objects\Swc_SerialTx.obj (SWC_SERIALTX)
  .\Objects\EcuM.obj (ECUM)
  .\Objects\Det.obj (DET)
  .\Objects\Rte.obj (RTE)
  .\Objects\SchM.obj (SCHM)
  .\Objects\Timer2.obj (TIMER2)
  .\Objects\STARTUP.obj (?C_STARTUP)
  .\Objects\Delay.obj (DELAY)
  .\Objects\Dio.obj (DIO)
  .\Objects\Uart.obj (UART)
  .\Objects\Adc.obj (ADC)
  .\Objects\Iic.obj (IIC)
  .\Objects\IrSensor.obj (IRSENSOR)
  .\Objects\Serial.obj (SERIAL)
  .\Objects\Lcd1602.obj (LCD1602)
  .\Objects\At24c02.obj (AT24C02)
  .\Objects\Led8.obj (LED8)
  E:\KEIL5\C51\LIB\C51S.LIB (?C_INIT)
  E:\KEIL5\C51\LIB\C51S.LIB (?C?CLDOPTR)
  E:\KEIL5\C51\LIB\C51S.LIB (?C?CSTPTR)
  E:\KEIL5\C51\LIB\C51S.LIB (?C?CSTOPTR)
  E:\KEIL5\C51\LIB\C51S.LIB (?C?UIDIV)
  E:\KEIL5\C51\LIB\C51S.LIB (?C?ISTPTR)
  E:\KEIL5\C51\LIB\C51S.LIB (?C?ULDIV)
  E:\KEIL5\C51\LIB\C51S.LIB (?C?LIMUL)


LINK MAP OF MODULE:  .\Objects\ExeHEX (MAIN)


            TYPE    BASE      LENGTH    RELOCATION   SEGMENT NAME
            -----------------------------------------------------

            * * * * * * *   D A T A   M E M O R Y   * * * * * * *
            REG     0000H     0008H     ABSOLUTE     "REG BANK 0"
            REG     0008H     0008H     ABSOLUTE     "REG BANK 1"
            DATA    0010H     001CH     UNIT         _DATA_GROUP_
            DATA    002CH     0013H     UNIT         ?DT?RTE
BL51 BANKED LINKER/LOCATER V6.22                                                      06/02/2026  08:58:49  PAGE 2


            DATA    003FH     000CH     UNIT         ?DT?IRSENSOR
            DATA    004BH     0008H     UNIT         ?DT?AT24C02
            DATA    0053H     0007H     UNIT         ?DT?DET
            DATA    005AH     0005H     UNIT         ?DT?IIC
            DATA    005FH     0004H     UNIT         ?DT?LCD1602
            DATA    0063H     0002H     UNIT         ?DT?SWC_ADCSAMPLER
            DATA    0065H     0002H     UNIT         ?DT?SWC_LCDPRESENTER
            DATA    0067H     0002H     UNIT         ?DT?SWC_SERIALTX
            DATA    0069H     0002H     UNIT         ?DT?TIMER2
            DATA    006BH     0002H     UNIT         ?DT?UART
            DATA    006DH     0001H     UNIT         ?DT?APP
            DATA    006EH     0001H     UNIT         ?DT?SWC_STORAGE
            DATA    006FH     0001H     UNIT         ?DT?SCHM
            DATA    0070H     0001H     UNIT         ?DT?SERIAL
            IDATA   0071H     0001H     UNIT         ?STACK

            * * * * * * *  X D A T A   M E M O R Y  * * * * * * *
            XDATA   0000H     0030H     UNIT         ?XD?LCD1602
            XDATA   0030H     0022H     UNIT         ?XD?SWC_LCDPRESENTER
            XDATA   0052H     0020H     UNIT         ?XD?SWC_SERIALTX
            XDATA   0072H     0020H     UNIT         ?XD?IRSENSOR
            XDATA   0092H     0011H     UNIT         ?XD?RTE
            XDATA   00A3H     0011H     UNIT         _XDATA_GROUP_
            XDATA   00B4H     0008H     UNIT         ?XD?AT24C02

            * * * * * * *   C O D E   M E M O R Y   * * * * * * *
            CODE    0000H     0003H     ABSOLUTE     
            CODE    0003H     0010H     UNIT         ?PR?IRSENSOR_CLEARKEY?IRSENSOR
            CODE    0013H     0003H     ABSOLUTE     
            CODE    0016H     000DH     UNIT         ?PR?_RTE_DISPLAYREQUESTREADLINE?RTE
            CODE    0023H     0003H     ABSOLUTE     
            CODE    0026H     0005H     UNIT         ?PR?RTE_READADCMV?RTE
            CODE    002BH     0003H     ABSOLUTE     
            CODE    002EH     01FEH     UNIT         ?PR?_AT24C02_MAINFUNCTION?AT24C02
            CODE    022CH     01D0H     UNIT         ?C?LIB_CODE
            CODE    03FCH     00D9H     UNIT         ?PR?_SWC_SERIALTX_STARTREADMESSAGE?SWC_SERIALTX
            CODE    04D5H     00D4H     UNIT         ?PR?IIC_MAINFUNCTION?IIC
            CODE    05A9H     00ADH     UNIT         ?PR?_IRSENSOR_DECODEPULSE?IRSENSOR
            CODE    0656H     009FH     UNIT         ?C_INITSEG
            CODE    06F5H     008CH     UNIT         ?PR?_SWC_LCDPRESENTER_WRITEVOLTAGE?SWC_LCDPRESENTER
            CODE    0781H     008CH     UNIT         ?C_C51STARTUP
            CODE    080DH     0077H     UNIT         ?PR?SWC_LCDPRESENTER_CONSUMEREQUESTS?SWC_LCDPRESENTER
            CODE    0884H     006CH     UNIT         ?PR?_LCD1602_ASYNCSHOWSTRING?LCD1602
            CODE    08F0H     0069H     UNIT         ?PR?_SWC_LCDPRESENTER_WRITE3DIGITS?SWC_LCDPRESENTER
            CODE    0959H     005CH     UNIT         ?PR?_IIC_STARTOPERATION?IIC
            CODE    09B5H     0055H     UNIT         ?PR?SWC_STORAGE_CHECKDONE?SWC_STORAGE
            CODE    0A0AH     0053H     UNIT         ?PR?_AT24C02_ASYNCWRITE?AT24C02
            CODE    0A5DH     004EH     UNIT         ?PR?_LCD1602_MAINFUNCTION?LCD1602
            CODE    0AABH     004CH     UNIT         ?PR?_RTE_DISPLAYCONSUMELINE2?RTE
            CODE    0AF7H     0042H     UNIT         ?PR?_SWC_LCDPRESENTER_SETADCLINE?SWC_LCDPRESENTER
            CODE    0B39H     0040H     UNIT         ?PR?_SWC_LCDPRESENTER_SETIRLINE?SWC_LCDPRESENTER
            CODE    0B79H     0040H     UNIT         ?PR?_IRSENSOR_POPPULSE?IRSENSOR
            CODE    0BB9H     003FH     UNIT         ?PR?SWC_STORAGE_STARTSAVE?SWC_STORAGE
            CODE    0BF8H     003FH     UNIT         ?PR?_SWC_LCDPRESENTER_SETREADLINE?SWC_LCDPRESENTER
            CODE    0C37H     003EH     UNIT         ?PR?_SWC_ADCSAMPLER_MAINFUNCTION?SWC_ADCSAMPLER
            CODE    0C75H     003EH     UNIT         ?PR?SWC_SERIALTX_MAINFUNCTION?SWC_SERIALTX
            CODE    0CB3H     003BH     UNIT         ?PR?SWC_LCDPRESENTER_MAINFUNCTION?SWC_LCDPRESENTER
BL51 BANKED LINKER/LOCATER V6.22                                                      06/02/2026  08:58:49  PAGE 3


            CODE    0CEEH     0039H     UNIT         ?PR?_RTE_COPYTEXT?RTE
            CODE    0D27H     0036H     UNIT         ?PR?LCD1602_INIT?LCD1602
            CODE    0D5DH     0034H     UNIT         ?PR?IRSENSOR_ISR?IRSENSOR
            CODE    0D91H     0031H     UNIT         ?PR?_SWC_LCDPRESENTER_CLEARLINE?SWC_LCDPRESENTER
            CODE    0DC2H     0030H     UNIT         ?PR?_SWC_LCDPRESENTER_SETSTATUSLINE?SWC_LCDPRESENTER
            CODE    0DF2H     0029H     UNIT         ?PR?_IRSENSOR_PUSHPULSE?IRSENSOR
            CODE    0E1BH     0029H     UNIT         ?PR?_LCD1602_QUEUEPUSH?LCD1602
            CODE    0E44H     0029H     UNIT         ?PR?_AT24C02_ASYNCREAD?AT24C02
            CODE    0E6DH     0028H     UNIT         ?PR?SWC_COMMAND_MAINFUNCTION?SWC_COMMAND
            CODE    0E95H     0027H     UNIT         ?PR?APP_MAINFUNCTION?APP
            CODE    0EBCH     0027H     UNIT         ?CO?SWC_STORAGE
            CODE    0EE3H     0027H     UNIT         ?PR?IRSENSOR_INIT?IRSENSOR
            CODE    0F0AH     0025H     UNIT         ?PR?SWC_STORAGE_STARTREAD?SWC_STORAGE
            CODE    0F2FH     0022H     UNIT         ?PR?IRSENSOR_MAINFUNCTION?IRSENSOR
            CODE    0F51H     0021H     UNIT         ?PR?_RTE_DISPLAYCONSUMEADCLINE?RTE
            CODE    0F72H     0021H     UNIT         ?PR?_RTE_CONSUMESERIALREADMESSAGE?RTE
            CODE    0F93H     0020H     UNIT         ?PR?_DIO_WRITECHANNEL?DIO
            CODE    0FB3H     0020H     UNIT         ?PR?_LED8_WRITE?LED8
            CODE    0FD3H     001EH     UNIT         ?PR?_DELAY_WAITMS?DELAY
            CODE    0FF1H     001CH     UNIT         ?PR?SWC_LCDPRESENTER_INIT?SWC_LCDPRESENTER
            CODE    100DH     001CH     UNIT         ?PR?_RTE_DISPLAYREQUESTSTATUSLINE?RTE
            CODE    1029H     001BH     UNIT         ?PR?RTE_MAINFUNCTION?RTE
            CODE    1044H     0019H     UNIT         ?PR?SWC_IRHANDLER_MAINFUNCTION?SWC_IRHANDLER
            CODE    105DH     0019H     UNIT         ?PR?UART_INIT?UART
            CODE    1076H     0018H     UNIT         ?PR?TIMER2_INIT?TIMER2
            CODE    108EH     0018H     UNIT         ?PR?_SERIAL_SENDBYTE?SERIAL
            CODE    10A6H     0017H     UNIT         ?PR?ADC_READVALUE?ADC
            CODE    10BDH     0017H     UNIT         ?PR?SERIAL_GETRECEIVEDDATA?SERIAL
            CODE    10D4H     0017H     UNIT         ?PR?SERIAL_ISTXREADY?SERIAL
            CODE    10EBH     0016H     UNIT         ?PR?APP_INIT?APP
            CODE    1101H     0016H     UNIT         ?PR?_DET_REPORTERROR?DET
            CODE    1117H     0016H     UNIT         ?PR?_AT24C02_GETDATA?AT24C02
            CODE    112DH     0015H     UNIT         ?PR?SWC_STORAGE_MAINFUNCTION?SWC_STORAGE
            CODE    1142H     0015H     UNIT         ?PR?RTE_INIT?RTE
            CODE    1157H     0014H     UNIT         ?PR?_DIO_WRITEPORT?DIO
            CODE    116BH     0014H     UNIT         ?PR?SERIAL_CLEARRECEIVEDDATA?SERIAL
            CODE    117FH     0013H     UNIT         ?PR?TIMER2_GETTICK?TIMER2
            CODE    1192H     0013H     UNIT         ?PR?_ADC_CONVERTTOMV?ADC
            CODE    11A5H     0013H     UNIT         ?PR?_LCD1602_WRITERAW?LCD1602
            CODE    11B8H     0012H     UNIT         ?PR?_SWC_LCDPRESENTER_TOHEXCHAR?SWC_LCDPRESENTER
            CODE    11CAH     0012H     UNIT         ?PR?_LCD1602_WRITECOMMAND?LCD1602
            CODE    11DCH     0011H     UNIT         ?PR?UART_ISR?UART
            CODE    11EDH     000FH     UNIT         ?PR?TIMER2_ISR?TIMER2
            CODE    11FCH     000FH     UNIT         ?PR?IRSENSOR_GETKEY?IRSENSOR
            CODE    120BH     000EH     UNIT         ?PR?RTE_CONSUMEADCSAVEREQUEST?RTE
            CODE    1219H     000EH     UNIT         ?PR?RTE_CONSUMEADCREADREQUEST?RTE
            CODE    1227H     000EH     UNIT         ?PR?IIC_ISBUSY?IIC
            CODE    1235H     000EH     UNIT         ?PR?AT24C02_ISBUSY?AT24C02
            CODE    1243H     000CH     UNIT         ?PR?UART_GETRECEIVEDDATA?UART
            CODE    124FH     000CH     UNIT         ?PR?_LCD1602_MAKEADDRESS?LCD1602
            CODE    125BH     000BH     UNIT         ?PR?IIC_ISDONE?IIC
            CODE    1266H     000BH     UNIT         ?PR?AT24C02_ISJOBDONE?AT24C02
            CODE    1271H     000AH     UNIT         ?PR?_RTE_DISPLAYREQUESTADCLINE?RTE
            CODE    127BH     000AH     UNIT         ?PR?_RTE_REQUESTSERIALREADMESSAGE?RTE
            CODE    1285H     000AH     UNIT         ?PR?_UART_SENDBYTE?UART
            CODE    128FH     000AH     UNIT         ?PR?UART_ISTXREADY?UART
            CODE    1299H     000AH     UNIT         ?PR?IIC_INIT?IIC
BL51 BANKED LINKER/LOCATER V6.22                                                      06/02/2026  08:58:49  PAGE 4


            CODE    12A3H     0009H     UNIT         ?PR?_RTE_DISPLAYREQUESTIRLINE?RTE
            CODE    12ACH     0009H     UNIT         ?PR?SCHM_ENTER_UART_RXDATA?SCHM
            CODE    12B5H     0009H     UNIT         ?PR?UART_CLEARRECEIVEDDATA?UART
            CODE    12BEH     0009H     UNIT         ?PR?LCD1602_ISBUSY?LCD1602
            CODE    12C7H     0009H     UNIT         ?PR?AT24C02_INIT?AT24C02
            CODE    12D0H     0008H     UNIT         ?PR?MAIN?MAIN
            CODE    12D8H     0007H     UNIT         ?PR?_RTE_AT24C02ASYNCWRITE?RTE
            CODE    12DFH     0007H     UNIT         ?PR?_RTE_WRITEADCSAMPLE?RTE
            CODE    12E6H     0007H     UNIT         ?PR?SCHM_EXIT_UART_RXDATA?SCHM
            CODE    12EDH     0007H     UNIT         ?PR?ADC_INIT?ADC
            CODE    12F4H     0007H     UNIT         ?PR?SERIAL_INIT?SERIAL
            CODE    12FBH     0006H     UNIT         ?PR?SWC_ADCSAMPLER_INIT?SWC_ADCSAMPLER
            CODE    1301H     0006H     UNIT         ?CO?SWC_LCDPRESENTER
            CODE    1307H     0006H     UNIT         ?PR?SWC_SERIALTX_INIT?SWC_SERIALTX
            CODE    130DH     0005H     UNIT         ?PR?LED8_INIT?LED8
            CODE    1312H     0004H     UNIT         ?PR?SWC_STORAGE_INIT?SWC_STORAGE
            CODE    1316H     0004H     UNIT         ?PR?RTE_GETSYSTEMTICK?RTE
            CODE    131AH     0004H     UNIT         ?PR?RTE_READSERIALDATA?RTE
            CODE    131EH     0004H     UNIT         ?PR?RTE_ISSERIALTXREADY?RTE
            CODE    1322H     0004H     UNIT         ?PR?RTE_READADCVALUE?RTE
            CODE    1326H     0004H     UNIT         ?PR?_RTE_ADCCONVERTTOMV?RTE
            CODE    132AH     0004H     UNIT         ?PR?RTE_IRSENSORISKEYREADY?RTE
            CODE    132EH     0004H     UNIT         ?PR?RTE_IRSENSORGETKEY?RTE
            CODE    1332H     0004H     UNIT         ?PR?_RTE_LCD1602ASYNCSHOWSTRING?RTE
            CODE    1336H     0004H     UNIT         ?PR?RTE_LCD1602ISBUSY?RTE
            CODE    133AH     0004H     UNIT         ?PR?_RTE_AT24C02ASYNCREAD?RTE
            CODE    133EH     0004H     UNIT         ?PR?RTE_AT24C02ISBUSY?RTE
            CODE    1342H     0004H     UNIT         ?PR?RTE_AT24C02ISJOBDONE?RTE
            CODE    1346H     0004H     UNIT         ?PR?_RTE_AT24C02GETDATA?RTE
            CODE    134AH     0004H     UNIT         ?PR?RTE_REQUESTADCSAVE?RTE
            CODE    134EH     0004H     UNIT         ?PR?RTE_REQUESTADCREAD?RTE
            CODE    1352H     0003H     UNIT         ?PR?ECUM_INIT?ECUM
            CODE    1355H     0003H     UNIT         ?PR?RTE_CLEARSERIALDATA?RTE
            CODE    1358H     0003H     UNIT         ?PR?_RTE_SENDSERIALBYTE?RTE
            CODE    135BH     0003H     UNIT         ?PR?RTE_IRSENSORCLEARKEY?RTE
            CODE    135EH     0003H     UNIT         ?PR?_RTE_LED8WRITE?RTE
            CODE    1361H     0003H     UNIT         ?PR?RTE_READADCRAW?RTE
            CODE    1364H     0003H     UNIT         ?PR?IIC_GETREADDATA?IIC
            CODE    1367H     0003H     UNIT         ?PR?IRSENSOR_ISKEYREADY?IRSENSOR
            CODE    136AH     0001H     UNIT         ?PR?SWC_COMMAND_INIT?SWC_COMMAND
            CODE    136BH     0001H     UNIT         ?PR?SWC_IRHANDLER_INIT?SWC_IRHANDLER



OVERLAY MAP OF MODULE:   .\Objects\ExeHEX (MAIN)


SEGMENT                                            DATA_GROUP          XDATA_GROUP
  +--> CALLED SEGMENT                            START    LENGTH     START    LENGTH
------------------------------------------------------------------------------------
?C_C51STARTUP                                    -----    -----      -----    -----
  +--> ?PR?MAIN?MAIN
  +--> ?C_INITSEG

?PR?MAIN?MAIN                                    -----    -----      -----    -----
  +--> ?PR?ECUM_INIT?ECUM
  +--> ?PR?APP_MAINFUNCTION?APP
BL51 BANKED LINKER/LOCATER V6.22                                                      06/02/2026  08:58:49  PAGE 5



?PR?ECUM_INIT?ECUM                               -----    -----      -----    -----
  +--> ?PR?RTE_INIT?RTE

?PR?RTE_INIT?RTE                                 -----    -----      -----    -----
  +--> ?PR?SERIAL_INIT?SERIAL
  +--> ?PR?ADC_INIT?ADC
  +--> ?PR?IRSENSOR_INIT?IRSENSOR
  +--> ?PR?LED8_INIT?LED8
  +--> ?PR?LCD1602_INIT?LCD1602
  +--> ?PR?AT24C02_INIT?AT24C02
  +--> ?PR?TIMER2_INIT?TIMER2

?PR?SERIAL_INIT?SERIAL                           -----    -----      -----    -----
  +--> ?PR?UART_INIT?UART

?PR?LED8_INIT?LED8                               -----    -----      -----    -----
  +--> ?PR?_LED8_WRITE?LED8

?PR?_LED8_WRITE?LED8                             0013H    0001H      -----    -----
  +--> ?PR?_DIO_WRITECHANNEL?DIO
  +--> ?PR?_DIO_WRITEPORT?DIO

?PR?_DIO_WRITECHANNEL?DIO                        -----    -----      -----    -----
  +--> ?PR?_DET_REPORTERROR?DET

?PR?_DET_REPORTERROR?DET                         0016H    0005H      -----    -----

?PR?_DIO_WRITEPORT?DIO                           -----    -----      -----    -----
  +--> ?PR?_DET_REPORTERROR?DET

?PR?LCD1602_INIT?LCD1602                         -----    -----      -----    -----
  +--> ?PR?_LCD1602_WRITECOMMAND?LCD1602
  +--> ?PR?_DELAY_WAITMS?DELAY

?PR?_LCD1602_WRITECOMMAND?LCD1602                -----    -----      -----    -----
  +--> ?PR?_DELAY_WAITMS?DELAY

?PR?AT24C02_INIT?AT24C02                         -----    -----      -----    -----
  +--> ?PR?IIC_INIT?IIC

?PR?APP_MAINFUNCTION?APP                         0010H    0002H      -----    -----
  +--> ?PR?RTE_MAINFUNCTION?RTE
  +--> ?PR?RTE_GETSYSTEMTICK?RTE
  +--> ?PR?APP_INIT?APP
  +--> ?PR?_SWC_ADCSAMPLER_MAINFUNCTION?SWC_...
  +--> ?PR?SWC_COMMAND_MAINFUNCTION?SWC_COMMAND
  +--> ?PR?SWC_STORAGE_MAINFUNCTION?SWC_STORAGE
  +--> ?PR?SWC_IRHANDLER_MAINFUNCTION?SWC_IR...
  +--> ?PR?SWC_LCDPRESENTER_MAINFUNCTION?SWC...
  +--> ?PR?SWC_SERIALTX_MAINFUNCTION?SWC_SER...

?PR?RTE_MAINFUNCTION?RTE                         0012H    0002H      -----    -----
  +--> ?PR?TIMER2_GETTICK?TIMER2
  +--> ?PR?IIC_MAINFUNCTION?IIC
  +--> ?PR?_AT24C02_MAINFUNCTION?AT24C02
  +--> ?PR?_LCD1602_MAINFUNCTION?LCD1602
BL51 BANKED LINKER/LOCATER V6.22                                                      06/02/2026  08:58:49  PAGE 6


  +--> ?PR?IRSENSOR_MAINFUNCTION?IRSENSOR

?PR?_AT24C02_MAINFUNCTION?AT24C02                0014H    0002H      -----    -----
  +--> ?PR?_IIC_STARTOPERATION?IIC
  +--> ?PR?IIC_ISDONE?IIC
  +--> ?PR?IIC_GETREADDATA?IIC

?PR?_IIC_STARTOPERATION?IIC                      0016H    0002H      -----    -----
  +--> ?PR?IIC_ISBUSY?IIC

?PR?_LCD1602_MAINFUNCTION?LCD1602                -----    -----      -----    -----
  +--> ?PR?_LCD1602_WRITERAW?LCD1602

?PR?IRSENSOR_MAINFUNCTION?IRSENSOR               0014H    0002H      -----    -----
  +--> ?PR?_IRSENSOR_POPPULSE?IRSENSOR
  +--> ?PR?_IRSENSOR_DECODEPULSE?IRSENSOR

?PR?RTE_GETSYSTEMTICK?RTE                        -----    -----      -----    -----
  +--> ?PR?TIMER2_GETTICK?TIMER2

?PR?APP_INIT?APP                                 -----    -----      -----    -----
  +--> ?PR?SWC_ADCSAMPLER_INIT?SWC_ADCSAMPLER
  +--> ?PR?SWC_COMMAND_INIT?SWC_COMMAND
  +--> ?PR?SWC_STORAGE_INIT?SWC_STORAGE
  +--> ?PR?SWC_IRHANDLER_INIT?SWC_IRHANDLER
  +--> ?PR?SWC_LCDPRESENTER_INIT?SWC_LCDPRES...
  +--> ?PR?SWC_SERIALTX_INIT?SWC_SERIALTX

?PR?SWC_LCDPRESENTER_INIT?SWC_LCDPRES...         -----    -----      -----    -----
  +--> ?PR?_SWC_LCDPRESENTER_CLEARLINE?SWC_L...
  +--> ?CO?SWC_LCDPRESENTER
  +--> ?PR?_SWC_LCDPRESENTER_SETSTATUSLINE?S...

?PR?_SWC_LCDPRESENTER_CLEARLINE?SWC_L...         001AH    0003H      -----    -----

?PR?_SWC_LCDPRESENTER_SETSTATUSLINE?S...         0017H    0003H      -----    -----
  +--> ?PR?_SWC_LCDPRESENTER_CLEARLINE?SWC_L...

?PR?_SWC_ADCSAMPLER_MAINFUNCTION?SWC_...         0012H    0005H      -----    -----
  +--> ?PR?RTE_READADCVALUE?RTE
  +--> ?PR?_RTE_ADCCONVERTTOMV?RTE
  +--> ?PR?_RTE_WRITEADCSAMPLE?RTE
  +--> ?PR?_RTE_DISPLAYREQUESTADCLINE?RTE

?PR?RTE_READADCVALUE?RTE                         -----    -----      -----    -----
  +--> ?PR?ADC_READVALUE?ADC

?PR?_RTE_ADCCONVERTTOMV?RTE                      -----    -----      -----    -----
  +--> ?PR?_ADC_CONVERTTOMV?ADC

?PR?SWC_COMMAND_MAINFUNCTION?SWC_COMMAND         0012H    0001H      -----    -----
  +--> ?PR?RTE_READSERIALDATA?RTE
  +--> ?PR?RTE_CLEARSERIALDATA?RTE
  +--> ?PR?RTE_REQUESTADCSAVE?RTE
  +--> ?PR?RTE_REQUESTADCREAD?RTE

?PR?RTE_READSERIALDATA?RTE                       -----    -----      -----    -----
BL51 BANKED LINKER/LOCATER V6.22                                                      06/02/2026  08:58:49  PAGE 7


  +--> ?PR?SERIAL_GETRECEIVEDDATA?SERIAL

?PR?SERIAL_GETRECEIVEDDATA?SERIAL                -----    -----      -----    -----
  +--> ?PR?_DET_REPORTERROR?DET
  +--> ?PR?UART_GETRECEIVEDDATA?UART

?PR?UART_GETRECEIVEDDATA?UART                    0013H    0001H      -----    -----
  +--> ?PR?SCHM_ENTER_UART_RXDATA?SCHM
  +--> ?PR?SCHM_EXIT_UART_RXDATA?SCHM

?PR?RTE_CLEARSERIALDATA?RTE                      -----    -----      -----    -----
  +--> ?PR?SERIAL_CLEARRECEIVEDDATA?SERIAL

?PR?SERIAL_CLEARRECEIVEDDATA?SERIAL              -----    -----      -----    -----
  +--> ?PR?_DET_REPORTERROR?DET
  +--> ?PR?UART_CLEARRECEIVEDDATA?UART

?PR?UART_CLEARRECEIVEDDATA?UART                  -----    -----      -----    -----
  +--> ?PR?SCHM_ENTER_UART_RXDATA?SCHM
  +--> ?PR?SCHM_EXIT_UART_RXDATA?SCHM

?PR?SWC_STORAGE_MAINFUNCTION?SWC_STORAGE         -----    -----      -----    -----
  +--> ?PR?RTE_CONSUMEADCSAVEREQUEST?RTE
  +--> ?PR?SWC_STORAGE_STARTSAVE?SWC_STORAGE
  +--> ?PR?RTE_CONSUMEADCREADREQUEST?RTE
  +--> ?PR?SWC_STORAGE_STARTREAD?SWC_STORAGE
  +--> ?PR?SWC_STORAGE_CHECKDONE?SWC_STORAGE

?PR?SWC_STORAGE_STARTSAVE?SWC_STORAGE            0012H    0004H      -----    -----
  +--> ?PR?RTE_AT24C02ISBUSY?RTE
  +--> ?CO?SWC_STORAGE
  +--> ?PR?RTE_READADCRAW?RTE
  +--> ?PR?RTE_READADCMV?RTE
  +--> ?PR?_RTE_AT24C02ASYNCWRITE?RTE
  +--> ?PR?_RTE_DISPLAYREQUESTSTATUSLINE?RTE

?PR?RTE_AT24C02ISBUSY?RTE                        -----    -----      -----    -----
  +--> ?PR?AT24C02_ISBUSY?AT24C02

?PR?_RTE_AT24C02ASYNCWRITE?RTE                   0016H    0005H      -----    -----
  +--> ?PR?_AT24C02_ASYNCWRITE?AT24C02

?PR?_AT24C02_ASYNCWRITE?AT24C02                  001BH    0005H      -----    -----
  +--> ?PR?AT24C02_ISBUSY?AT24C02

?PR?_RTE_DISPLAYREQUESTSTATUSLINE?RTE            0016H    0003H      -----    -----
  +--> ?PR?_RTE_COPYTEXT?RTE

?PR?_RTE_COPYTEXT?RTE                            0026H    0006H      -----    -----

?PR?SWC_STORAGE_STARTREAD?SWC_STORAGE            -----    -----      -----    -----
  +--> ?PR?RTE_AT24C02ISBUSY?RTE
  +--> ?CO?SWC_STORAGE
  +--> ?PR?_RTE_AT24C02ASYNCREAD?RTE
  +--> ?PR?_RTE_DISPLAYREQUESTSTATUSLINE?RTE

?PR?_RTE_AT24C02ASYNCREAD?RTE                    -----    -----      -----    -----
BL51 BANKED LINKER/LOCATER V6.22                                                      06/02/2026  08:58:49  PAGE 8


  +--> ?PR?_AT24C02_ASYNCREAD?AT24C02

?PR?_AT24C02_ASYNCREAD?AT24C02                   0012H    0002H      -----    -----
  +--> ?PR?AT24C02_ISBUSY?AT24C02

?PR?SWC_STORAGE_CHECKDONE?SWC_STORAGE            0012H    0003H      -----    -----
  +--> ?PR?RTE_AT24C02ISJOBDONE?RTE
  +--> ?CO?SWC_STORAGE
  +--> ?PR?_RTE_DISPLAYREQUESTSTATUSLINE?RTE
  +--> ?PR?_RTE_AT24C02GETDATA?RTE
  +--> ?PR?_RTE_DISPLAYREQUESTREADLINE?RTE
  +--> ?PR?_RTE_REQUESTSERIALREADMESSAGE?RTE

?PR?RTE_AT24C02ISJOBDONE?RTE                     -----    -----      -----    -----
  +--> ?PR?AT24C02_ISJOBDONE?AT24C02

?PR?_RTE_AT24C02GETDATA?RTE                      -----    -----      -----    -----
  +--> ?PR?_AT24C02_GETDATA?AT24C02

?PR?SWC_IRHANDLER_MAINFUNCTION?SWC_IR...         0012H    0001H      -----    -----
  +--> ?PR?RTE_IRSENSORISKEYREADY?RTE
  +--> ?PR?RTE_IRSENSORGETKEY?RTE
  +--> ?PR?RTE_IRSENSORCLEARKEY?RTE
  +--> ?PR?_RTE_LED8WRITE?RTE
  +--> ?PR?_RTE_DISPLAYREQUESTIRLINE?RTE

?PR?RTE_IRSENSORISKEYREADY?RTE                   -----    -----      -----    -----
  +--> ?PR?IRSENSOR_ISKEYREADY?IRSENSOR

?PR?RTE_IRSENSORGETKEY?RTE                       -----    -----      -----    -----
  +--> ?PR?IRSENSOR_GETKEY?IRSENSOR

?PR?RTE_IRSENSORCLEARKEY?RTE                     -----    -----      -----    -----
  +--> ?PR?IRSENSOR_CLEARKEY?IRSENSOR

?PR?_RTE_LED8WRITE?RTE                           -----    -----      -----    -----
  +--> ?PR?_LED8_WRITE?LED8

?PR?SWC_LCDPRESENTER_MAINFUNCTION?SWC...         -----    -----      -----    -----
  +--> ?PR?SWC_LCDPRESENTER_CONSUMEREQUESTS?...
  +--> ?PR?RTE_LCD1602ISBUSY?RTE
  +--> ?PR?_RTE_LCD1602ASYNCSHOWSTRING?RTE

?PR?SWC_LCDPRESENTER_CONSUMEREQUESTS?...         0012H    0005H      00A3H    0011H
  +--> ?PR?_RTE_DISPLAYCONSUMEADCLINE?RTE
  +--> ?PR?_SWC_LCDPRESENTER_SETADCLINE?SWC_...
  +--> ?PR?_RTE_DISPLAYCONSUMELINE2?RTE
  +--> ?PR?_SWC_LCDPRESENTER_SETSTATUSLINE?S...
  +--> ?PR?_SWC_LCDPRESENTER_SETREADLINE?SWC...
  +--> ?PR?_SWC_LCDPRESENTER_SETIRLINE?SWC_L...

?PR?_RTE_DISPLAYCONSUMEADCLINE?RTE               0017H    0006H      -----    -----

?PR?_SWC_LCDPRESENTER_SETADCLINE?SWC_...         0017H    0002H      -----    -----
  +--> ?PR?_SWC_LCDPRESENTER_CLEARLINE?SWC_L...
  +--> ?PR?_SWC_LCDPRESENTER_WRITE3DIGITS?SW...
  +--> ?PR?_SWC_LCDPRESENTER_WRITEVOLTAGE?SW...
BL51 BANKED LINKER/LOCATER V6.22                                                      06/02/2026  08:58:49  PAGE 9



?PR?_SWC_LCDPRESENTER_WRITE3DIGITS?SW...         0019H    0005H      -----    -----

?PR?_SWC_LCDPRESENTER_WRITEVOLTAGE?SW...         0019H    0006H      -----    -----

?PR?_RTE_DISPLAYCONSUMELINE2?RTE                 0017H    000FH      -----    -----
  +--> ?PR?_RTE_COPYTEXT?RTE

?PR?_SWC_LCDPRESENTER_SETREADLINE?SWC...         0017H    0002H      -----    -----
  +--> ?PR?_SWC_LCDPRESENTER_CLEARLINE?SWC_L...
  +--> ?PR?_SWC_LCDPRESENTER_WRITE3DIGITS?SW...
  +--> ?PR?_SWC_LCDPRESENTER_WRITEVOLTAGE?SW...

?PR?_SWC_LCDPRESENTER_SETIRLINE?SWC_L...         -----    -----      -----    -----
  +--> ?PR?_SWC_LCDPRESENTER_CLEARLINE?SWC_L...
  +--> ?PR?_SWC_LCDPRESENTER_TOHEXCHAR?SWC_L...

?PR?RTE_LCD1602ISBUSY?RTE                        -----    -----      -----    -----
  +--> ?PR?LCD1602_ISBUSY?LCD1602

?PR?_RTE_LCD1602ASYNCSHOWSTRING?RTE              -----    -----      -----    -----
  +--> ?PR?_LCD1602_ASYNCSHOWSTRING?LCD1602

?PR?_LCD1602_ASYNCSHOWSTRING?LCD1602             0012H    0005H      -----    -----
  +--> ?PR?LCD1602_ISBUSY?LCD1602
  +--> ?PR?_LCD1602_MAKEADDRESS?LCD1602
  +--> ?PR?_LCD1602_QUEUEPUSH?LCD1602

?PR?SWC_SERIALTX_MAINFUNCTION?SWC_SER...         0012H    0003H      -----    -----
  +--> ?PR?_RTE_CONSUMESERIALREADMESSAGE?RTE
  +--> ?PR?_SWC_SERIALTX_STARTREADMESSAGE?SW...
  +--> ?PR?RTE_ISSERIALTXREADY?RTE
  +--> ?PR?_RTE_SENDSERIALBYTE?RTE

?PR?_RTE_CONSUMESERIALREADMESSAGE?RTE            0015H    0006H      -----    -----

?PR?_SWC_SERIALTX_STARTREADMESSAGE?SW...         0015H    0001H      -----    -----

?PR?RTE_ISSERIALTXREADY?RTE                      -----    -----      -----    -----
  +--> ?PR?SERIAL_ISTXREADY?SERIAL

?PR?SERIAL_ISTXREADY?SERIAL                      -----    -----      -----    -----
  +--> ?PR?_DET_REPORTERROR?DET
  +--> ?PR?UART_ISTXREADY?UART

?PR?_RTE_SENDSERIALBYTE?RTE                      -----    -----      -----    -----
  +--> ?PR?_SERIAL_SENDBYTE?SERIAL

?PR?_SERIAL_SENDBYTE?SERIAL                      0015H    0001H      -----    -----
  +--> ?PR?_DET_REPORTERROR?DET
  +--> ?PR?_UART_SENDBYTE?UART

*** NEW ROOT ***************************************************

?PR?IRSENSOR_ISR?IRSENSOR                        -----    -----      -----    -----
  +--> ?PR?_IRSENSOR_PUSHPULSE?IRSENSOR

BL51 BANKED LINKER/LOCATER V6.22                                                      06/02/2026  08:58:49  PAGE 10




SYMBOL TABLE OF MODULE:  .\Objects\ExeHEX (MAIN)

  VALUE           TYPE          NAME
  ----------------------------------

  -------         MODULE        MAIN
  C:0000H         SYMBOL        _ICE_DUMMY_
  D:0080H         PUBLIC        P0
  D:0090H         PUBLIC        P1
  D:00A0H         PUBLIC        P2
  D:00C0H         PUBLIC        XICON
  D:00B0H         PUBLIC        P3
  D:00E8H         PUBLIC        P4
  D:00A8H         PUBLIC        IE
  D:00B8H         PUBLIC        IP
  C:12D0H         PUBLIC        main
  D:0098H         PUBLIC        SCON
  D:0088H         PUBLIC        TCON
  D:00F0H         PUBLIC        B
  D:00E0H         PUBLIC        ACC
  D:00C8H         PUBLIC        T2CON
  D:00D0H         PUBLIC        PSW
  -------         PROC          MAIN
  C:12D0H         LINE#         6
  C:12D0H         LINE#         7
  C:12D0H         LINE#         8
  C:12D3H         LINE#         9
  C:12D3H         LINE#         10
  C:12D3H         LINE#         11
  C:12D6H         LINE#         12
  -------         ENDPROC       MAIN
  -------         ENDMOD        MAIN

  -------         MODULE        APP
  C:0000H         SYMBOL        _ICE_DUMMY_
  D:0080H         PUBLIC        P0
  D:0090H         PUBLIC        P1
  D:00A0H         PUBLIC        P2
  D:00C0H         PUBLIC        XICON
  D:00B0H         PUBLIC        P3
  D:00E8H         PUBLIC        P4
  D:00A8H         PUBLIC        IE
  C:10EBH         SYMBOL        App_Init
  D:00B8H         PUBLIC        IP
  D:0098H         PUBLIC        SCON
  D:0088H         PUBLIC        TCON
  D:006DH         SYMBOL        App_IsInitialized
  D:00F0H         PUBLIC        B
  D:00E0H         PUBLIC        ACC
  C:0E95H         PUBLIC        App_MainFunction
  D:00C8H         PUBLIC        T2CON
  D:00D0H         PUBLIC        PSW
  -------         PROC          APP_INIT
  C:10EBH         LINE#         14
  C:10EBH         LINE#         15
BL51 BANKED LINKER/LOCATER V6.22                                                      06/02/2026  08:58:49  PAGE 11


  C:10EBH         LINE#         17
  C:10EEH         LINE#         18
  C:10F1H         LINE#         19
  C:10F4H         LINE#         20
  C:10F7H         LINE#         21
  C:10FAH         LINE#         22
  C:10FDH         LINE#         23
  C:1100H         LINE#         24
  -------         ENDPROC       APP_INIT
  -------         PROC          APP_MAINFUNCTION
  -------         DO            
  D:0010H         SYMBOL        tick
  -------         ENDDO         
  C:0E95H         LINE#         27
  C:0E95H         LINE#         28
  C:0E95H         LINE#         32
  C:0E98H         LINE#         33
  C:0E9FH         LINE#         36
  C:0EA3H         LINE#         37
  C:0EA3H         LINE#         38
  C:0EA6H         LINE#         39
  C:0EA6H         LINE#         41
  C:0EADH         LINE#         42
  C:0EB0H         LINE#         43
  C:0EB3H         LINE#         44
  C:0EB6H         LINE#         45
  C:0EB9H         LINE#         46
  -------         ENDPROC       APP_MAINFUNCTION
  -------         ENDMOD        APP

  -------         MODULE        SWC_ADCSAMPLER
  C:0000H         SYMBOL        _ICE_DUMMY_
  D:0080H         PUBLIC        P0
  D:0090H         PUBLIC        P1
  D:0063H         SYMBOL        Swc_AdcSampler_NextTick
  D:00A0H         PUBLIC        P2
  D:00C0H         PUBLIC        XICON
  D:00B0H         PUBLIC        P3
  D:00E8H         PUBLIC        P4
  D:00A8H         PUBLIC        IE
  D:00B8H         PUBLIC        IP
  C:0C37H         PUBLIC        _Swc_AdcSampler_MainFunction
  D:0098H         PUBLIC        SCON
  D:0088H         PUBLIC        TCON
  D:00F0H         PUBLIC        B
  D:00E0H         PUBLIC        ACC
  D:00C8H         PUBLIC        T2CON
  C:12FBH         PUBLIC        Swc_AdcSampler_Init
  D:00D0H         PUBLIC        PSW
  -------         PROC          SWC_ADCSAMPLER_INIT
  C:12FBH         LINE#         8
  C:12FBH         LINE#         9
  C:12FBH         LINE#         10
  C:1300H         LINE#         11
  -------         ENDPROC       SWC_ADCSAMPLER_INIT
  -------         PROC          _SWC_ADCSAMPLER_MAINFUNCTION
  D:0012H         SYMBOL        tick
BL51 BANKED LINKER/LOCATER V6.22                                                      06/02/2026  08:58:49  PAGE 12


  -------         DO            
  D:0014H         SYMBOL        adcRaw
  D:0015H         SYMBOL        adcMv
  -------         ENDDO         
  C:0C37H         LINE#         14
  C:0C3BH         LINE#         15
  C:0C3BH         LINE#         20
  C:0C4BH         LINE#         21
  C:0C4BH         LINE#         22
  C:0C50H         LINE#         23
  C:0C57H         LINE#         24
  C:0C60H         LINE#         25
  C:0C69H         LINE#         26
  C:0C74H         LINE#         27
  C:0C74H         LINE#         28
  -------         ENDPROC       _SWC_ADCSAMPLER_MAINFUNCTION
  -------         ENDMOD        SWC_ADCSAMPLER

  -------         MODULE        SWC_COMMAND
  C:0000H         SYMBOL        _ICE_DUMMY_
  D:0080H         PUBLIC        P0
  D:0090H         PUBLIC        P1
  D:00A0H         PUBLIC        P2
  D:00C0H         PUBLIC        XICON
  D:00B0H         PUBLIC        P3
  D:00E8H         PUBLIC        P4
  C:0E6DH         PUBLIC        Swc_Command_MainFunction
  D:00A8H         PUBLIC        IE
  D:00B8H         PUBLIC        IP
  D:0098H         PUBLIC        SCON
  D:0088H         PUBLIC        TCON
  D:00F0H         PUBLIC        B
  D:00E0H         PUBLIC        ACC
  C:136AH         PUBLIC        Swc_Command_Init
  D:00C8H         PUBLIC        T2CON
  D:00D0H         PUBLIC        PSW
  -------         PROC          SWC_COMMAND_INIT
  C:136AH         LINE#         9
  C:136AH         LINE#         10
  C:136AH         LINE#         11
  -------         ENDPROC       SWC_COMMAND_INIT
  -------         PROC          SWC_COMMAND_MAINFUNCTION
  -------         DO            
  D:0012H         SYMBOL        command
  -------         ENDDO         
  C:0E6DH         LINE#         14
  C:0E6DH         LINE#         15
  C:0E6DH         LINE#         18
  C:0E72H         LINE#         19
  C:0E7DH         LINE#         20
  C:0E7DH         LINE#         21
  C:0E80H         LINE#         22
  C:0E83H         LINE#         23
  C:0E83H         LINE#         24
  C:0E8EH         LINE#         25
  C:0E8EH         LINE#         26
  C:0E91H         LINE#         27
BL51 BANKED LINKER/LOCATER V6.22                                                      06/02/2026  08:58:49  PAGE 13


  C:0E94H         LINE#         28
  C:0E94H         LINE#         29
  -------         ENDPROC       SWC_COMMAND_MAINFUNCTION
  -------         ENDMOD        SWC_COMMAND

  -------         MODULE        SWC_STORAGE
  C:0000H         SYMBOL        _ICE_DUMMY_
  D:0080H         PUBLIC        P0
  D:0090H         PUBLIC        P1
  D:00A0H         PUBLIC        P2
  D:00C0H         PUBLIC        XICON
  D:00B0H         PUBLIC        P3
  D:00E8H         PUBLIC        P4
  D:00A8H         PUBLIC        IE
  D:00B8H         PUBLIC        IP
  C:112DH         PUBLIC        Swc_Storage_MainFunction
  C:09B5H         SYMBOL        Swc_Storage_CheckDone
  D:0098H         PUBLIC        SCON
  D:0088H         PUBLIC        TCON
  D:00F0H         PUBLIC        B
  D:00E0H         PUBLIC        ACC
  C:0F0AH         SYMBOL        Swc_Storage_StartRead
  C:1312H         PUBLIC        Swc_Storage_Init
  D:006EH         SYMBOL        Swc_Storage_Job
  D:00C8H         PUBLIC        T2CON
  C:0BB9H         SYMBOL        Swc_Storage_StartSave
  D:00D0H         PUBLIC        PSW
  -------         PROC          SWC_STORAGE_INIT
  C:1312H         LINE#         13
  C:1312H         LINE#         14
  C:1312H         LINE#         15
  C:1315H         LINE#         16
  -------         ENDPROC       SWC_STORAGE_INIT
  -------         PROC          SWC_STORAGE_STARTSAVE
  -------         DO            
  D:0012H         SYMBOL        writeData
  D:0015H         SYMBOL        adcRaw
  D:0004H         SYMBOL        adcMv
  -------         ENDDO         
  C:0BB9H         LINE#         18
  C:0BB9H         LINE#         19
  C:0BB9H         LINE#         24
  C:0BBFH         LINE#         25
  C:0BBFH         LINE#         27
  C:0BC7H         LINE#         29
  C:0BC7H         LINE#         32
  C:0BCCH         LINE#         33
  C:0BD3H         LINE#         34
  C:0BD6H         LINE#         35
  C:0BD8H         LINE#         36
  C:0BDAH         LINE#         37
  C:0BEBH         LINE#         38
  C:0BEBH         LINE#         39
  C:0BEEH         LINE#         40
  C:0BF7H         LINE#         41
  C:0BF7H         LINE#         42
  -------         ENDPROC       SWC_STORAGE_STARTSAVE
BL51 BANKED LINKER/LOCATER V6.22                                                      06/02/2026  08:58:49  PAGE 14


  -------         PROC          SWC_STORAGE_STARTREAD
  C:0F0AH         LINE#         44
  C:0F0AH         LINE#         45
  C:0F0AH         LINE#         46
  C:0F10H         LINE#         47
  C:0F10H         LINE#         49
  C:0F18H         LINE#         51
  C:0F18H         LINE#         54
  C:0F22H         LINE#         55
  C:0F22H         LINE#         56
  C:0F25H         LINE#         57
  C:0F2EH         LINE#         58
  C:0F2EH         LINE#         59
  -------         ENDPROC       SWC_STORAGE_STARTREAD
  -------         PROC          SWC_STORAGE_CHECKDONE
  -------         DO            
  D:0012H         SYMBOL        adcRaw
  D:0013H         SYMBOL        adcMv
  -------         ENDDO         
  C:09B5H         LINE#         61
  C:09B5H         LINE#         62
  C:09B5H         LINE#         66
  C:09C1H         LINE#         67
  C:09C1H         LINE#         68
  C:09C6H         LINE#         69
  C:09C6H         LINE#         70
  C:09CFH         LINE#         71
  C:09D1H         LINE#         73
  C:09D1H         LINE#         75
  C:09D8H         LINE#         76
  C:09F5H         LINE#         78
  C:09FDH         LINE#         79
  C:0A06H         LINE#         80
  C:0A06H         LINE#         81
  C:0A09H         LINE#         82
  C:0A09H         LINE#         83
  -------         ENDPROC       SWC_STORAGE_CHECKDONE
  -------         PROC          SWC_STORAGE_MAINFUNCTION
  C:112DH         LINE#         86
  C:112DH         LINE#         87
  C:112DH         LINE#         88
  C:1133H         LINE#         89
  C:1133H         LINE#         90
  C:1136H         LINE#         91
  C:1136H         LINE#         92
  C:113CH         LINE#         93
  C:113CH         LINE#         94
  C:113FH         LINE#         95
  C:113FH         LINE#         96
  -------         ENDPROC       SWC_STORAGE_MAINFUNCTION
  -------         ENDMOD        SWC_STORAGE

  -------         MODULE        SWC_IRHANDLER
  C:0000H         SYMBOL        _ICE_DUMMY_
  D:0080H         PUBLIC        P0
  D:0090H         PUBLIC        P1
  D:00A0H         PUBLIC        P2
BL51 BANKED LINKER/LOCATER V6.22                                                      06/02/2026  08:58:49  PAGE 15


  D:00C0H         PUBLIC        XICON
  D:00B0H         PUBLIC        P3
  D:00E8H         PUBLIC        P4
  C:136BH         PUBLIC        Swc_IrHandler_Init
  D:00A8H         PUBLIC        IE
  D:00B8H         PUBLIC        IP
  D:0098H         PUBLIC        SCON
  D:0088H         PUBLIC        TCON
  D:00F0H         PUBLIC        B
  C:1044H         PUBLIC        Swc_IrHandler_MainFunction
  D:00E0H         PUBLIC        ACC
  D:00C8H         PUBLIC        T2CON
  D:00D0H         PUBLIC        PSW
  -------         PROC          SWC_IRHANDLER_INIT
  C:136BH         LINE#         4
  C:136BH         LINE#         5
  C:136BH         LINE#         6
  -------         ENDPROC       SWC_IRHANDLER_INIT
  -------         PROC          SWC_IRHANDLER_MAINFUNCTION
  -------         DO            
  D:0012H         SYMBOL        keyValue
  -------         ENDDO         
  C:1044H         LINE#         9
  C:1044H         LINE#         10
  C:1044H         LINE#         13
  C:104AH         LINE#         14
  C:104AH         LINE#         15
  C:104FH         LINE#         16
  C:1052H         LINE#         17
  C:1057H         LINE#         18
  C:105CH         LINE#         19
  C:105CH         LINE#         20
  -------         ENDPROC       SWC_IRHANDLER_MAINFUNCTION
  -------         ENDMOD        SWC_IRHANDLER

  -------         MODULE        SWC_LCDPRESENTER
  C:0000H         SYMBOL        _ICE_DUMMY_
  X:0030H         SYMBOL        Swc_LcdPresenter_Line1
  X:0041H         SYMBOL        Swc_LcdPresenter_Line2
  D:0080H         PUBLIC        P0
  D:0090H         PUBLIC        P1
  D:00A0H         PUBLIC        P2
  D:00C0H         PUBLIC        XICON
  D:00B0H         PUBLIC        P3
  D:00E8H         PUBLIC        P4
  C:080DH         SYMBOL        Swc_LcdPresenter_ConsumeRequests
  C:0DC2H         SYMBOL        _Swc_LcdPresenter_SetStatusLine
  C:0AF7H         SYMBOL        _Swc_LcdPresenter_SetAdcLine
  D:00A8H         PUBLIC        IE
  D:0065H         SYMBOL        Swc_LcdPresenter_Line1Dirty
  D:0066H         SYMBOL        Swc_LcdPresenter_Line2Dirty
  C:0CB3H         PUBLIC        Swc_LcdPresenter_MainFunction
  D:00B8H         PUBLIC        IP
  C:06F5H         SYMBOL        _Swc_LcdPresenter_WriteVoltage
  C:11B8H         SYMBOL        _Swc_LcdPresenter_ToHexChar
  D:0098H         PUBLIC        SCON
  D:0088H         PUBLIC        TCON
BL51 BANKED LINKER/LOCATER V6.22                                                      06/02/2026  08:58:49  PAGE 16


  C:0B39H         SYMBOL        _Swc_LcdPresenter_SetIrLine
  C:0D99H         SYMBOL        _Swc_LcdPresenter_ClearLine
  D:00F0H         PUBLIC        B
  D:00E0H         PUBLIC        ACC
  C:0FF1H         PUBLIC        Swc_LcdPresenter_Init
  D:00C8H         PUBLIC        T2CON
  C:08F0H         SYMBOL        _Swc_LcdPresenter_Write3Digits
  C:0BF8H         SYMBOL        _Swc_LcdPresenter_SetReadLine
  D:00D0H         PUBLIC        PSW
  C:0D93H         SYMBOL        L?0033
  -------         PROC          L?0032
  -------         ENDPROC       L?0032
  C:0D93H         SYMBOL        L?0033
  -------         PROC          _SWC_LCDPRESENTER_CLEARLINE
  D:001AH         SYMBOL        line
  -------         DO            
  D:0007H         SYMBOL        i
  -------         ENDDO         
  C:0D99H         LINE#         11
  C:0D9FH         LINE#         12
  C:0D9FH         LINE#         15
  C:0DA1H         LINE#         16
  C:0DA1H         LINE#         17
  C:0DB1H         LINE#         18
  C:0DB5H         LINE#         19
  -------         ENDPROC       _SWC_LCDPRESENTER_CLEARLINE
  -------         PROC          _SWC_LCDPRESENTER_WRITE3DIGITS
  D:0019H         SYMBOL        line
  D:001CH         SYMBOL        pos
  D:001DH         SYMBOL        value
  C:08F0H         LINE#         22
  C:08F8H         LINE#         23
  C:08F8H         LINE#         24
  C:090FH         LINE#         25
  C:0937H         LINE#         26
  -------         ENDPROC       _SWC_LCDPRESENTER_WRITE3DIGITS
  -------         PROC          _SWC_LCDPRESENTER_WRITEVOLTAGE
  D:0019H         SYMBOL        line
  D:001CH         SYMBOL        pos
  D:001DH         SYMBOL        mv
  C:06F5H         LINE#         29
  C:06FDH         LINE#         30
  C:06FDH         LINE#         31
  C:0714H         LINE#         32
  C:0721H         LINE#         33
  C:074AH         LINE#         34
  C:0773H         LINE#         35
  -------         ENDPROC       _SWC_LCDPRESENTER_WRITEVOLTAGE
  -------         PROC          _SWC_LCDPRESENTER_TOHEXCHAR
  D:0007H         SYMBOL        value
  C:11B8H         LINE#         38
  C:11B8H         LINE#         39
  C:11B8H         LINE#         40
  C:11BBH         LINE#         41
  C:11C2H         LINE#         42
  C:11C2H         LINE#         43
  C:11C6H         LINE#         44
BL51 BANKED LINKER/LOCATER V6.22                                                      06/02/2026  08:58:49  PAGE 17


  C:11C6H         LINE#         45
  C:11C9H         LINE#         46
  -------         ENDPROC       _SWC_LCDPRESENTER_TOHEXCHAR
  -------         PROC          _SWC_LCDPRESENTER_SETADCLINE
  D:0006H         SYMBOL        adcRaw
  D:0017H         SYMBOL        adcMv
  C:0AF7H         LINE#         48
  C:0AFDH         LINE#         49
  C:0AFDH         LINE#         51
  C:0B06H         LINE#         52
  C:0B0CH         LINE#         53
  C:0B10H         LINE#         54
  C:0B13H         LINE#         55
  C:0B17H         LINE#         56
  C:0B24H         LINE#         57
  C:0B35H         LINE#         58
  C:0B38H         LINE#         59
  -------         ENDPROC       _SWC_LCDPRESENTER_SETADCLINE
  -------         PROC          _SWC_LCDPRESENTER_SETSTATUSLINE
  D:0017H         SYMBOL        text
  -------         DO            
  D:0007H         SYMBOL        i
  -------         ENDDO         
  C:0DC2H         LINE#         61
  C:0DC8H         LINE#         62
  C:0DC8H         LINE#         65
  C:0DCBH         LINE#         66
  C:0DDEH         LINE#         67
  C:0DDEH         LINE#         68
  C:0DEAH         LINE#         69
  C:0DEEH         LINE#         70
  C:0DF1H         LINE#         71
  -------         ENDPROC       _SWC_LCDPRESENTER_SETSTATUSLINE
  -------         PROC          _SWC_LCDPRESENTER_SETREADLINE
  D:0006H         SYMBOL        adcRaw
  D:0017H         SYMBOL        adcMv
  C:0BF8H         LINE#         73
  C:0BFCH         LINE#         74
  C:0BFCH         LINE#         76
  C:0BFFH         LINE#         77
  C:0C05H         LINE#         78
  C:0C09H         LINE#         79
  C:0C0DH         LINE#         80
  C:0C11H         LINE#         81
  C:0C15H         LINE#         82
  C:0C22H         LINE#         83
  C:0C33H         LINE#         84
  C:0C36H         LINE#         85
  -------         ENDPROC       _SWC_LCDPRESENTER_SETREADLINE
  -------         PROC          _SWC_LCDPRESENTER_SETIRLINE
  D:0006H         SYMBOL        keyValue
  C:0B39H         LINE#         87
  C:0B39H         LINE#         88
  C:0B39H         LINE#         90
  C:0B3CH         LINE#         91
  C:0B42H         LINE#         92
  C:0B46H         LINE#         93
BL51 BANKED LINKER/LOCATER V6.22                                                      06/02/2026  08:58:49  PAGE 18


  C:0B4AH         LINE#         94
  C:0B4EH         LINE#         95
  C:0B52H         LINE#         96
  C:0B56H         LINE#         97
  C:0B5AH         LINE#         98
  C:0B5EH         LINE#         99
  C:0B62H         LINE#         100
  C:0B6DH         LINE#         101
  C:0B75H         LINE#         102
  C:0B78H         LINE#         103
  -------         ENDPROC       _SWC_LCDPRESENTER_SETIRLINE
  -------         PROC          SWC_LCDPRESENTER_INIT
  C:0FF1H         LINE#         105
  C:0FF1H         LINE#         106
  C:0FF1H         LINE#         107
  C:0FFAH         LINE#         108
  C:0FFDH         LINE#         109
  C:1006H         LINE#         110
  C:1009H         LINE#         111
  C:100CH         LINE#         112
  -------         ENDPROC       SWC_LCDPRESENTER_INIT
  -------         PROC          SWC_LCDPRESENTER_CONSUMEREQUESTS
  -------         DO            
  D:0012H         SYMBOL        lineType
  D:0013H         SYMBOL        adcRaw
  D:0014H         SYMBOL        adcMv
  D:0016H         SYMBOL        keyValue
  X:00A3H         SYMBOL        text
  -------         ENDDO         
  C:080DH         LINE#         114
  C:080DH         LINE#         115
  C:080DH         LINE#         122
  C:0822H         LINE#         123
  C:0822H         LINE#         124
  C:082BH         LINE#         125
  C:082BH         LINE#         127
  C:085DH         LINE#         128
  C:085DH         LINE#         129
  C:0862H         LINE#         130
  C:0862H         LINE#         131
  C:086BH         LINE#         132
  C:086BH         LINE#         133
  C:0870H         LINE#         134
  C:0870H         LINE#         135
  C:0879H         LINE#         136
  C:0879H         LINE#         137
  C:087EH         LINE#         138
  C:087EH         LINE#         139
  C:0883H         LINE#         140
  C:0883H         LINE#         141
  C:0883H         LINE#         142
  -------         ENDPROC       SWC_LCDPRESENTER_CONSUMEREQUESTS
  -------         PROC          SWC_LCDPRESENTER_MAINFUNCTION
  C:0CB3H         LINE#         145
  C:0CB3H         LINE#         146
  C:0CB3H         LINE#         147
  C:0CB6H         LINE#         149
BL51 BANKED LINKER/LOCATER V6.22                                                      06/02/2026  08:58:49  PAGE 19


  C:0CBEH         LINE#         150
  C:0CBEH         LINE#         153
  C:0CBEH         LINE#         155
  C:0CC3H         LINE#         156
  C:0CC3H         LINE#         157
  C:0CD3H         LINE#         158
  C:0CD3H         LINE#         159
  C:0CD5H         LINE#         160
  C:0CD5H         LINE#         161
  C:0CD6H         LINE#         162
  C:0CDBH         LINE#         163
  C:0CDBH         LINE#         164
  C:0CEBH         LINE#         165
  C:0CEBH         LINE#         166
  C:0CEDH         LINE#         167
  C:0CEDH         LINE#         168
  C:0CEDH         LINE#         169
  -------         ENDPROC       SWC_LCDPRESENTER_MAINFUNCTION
  -------         ENDMOD        SWC_LCDPRESENTER

  -------         MODULE        SWC_SERIALTX
  C:0000H         SYMBOL        _ICE_DUMMY_
  X:0052H         SYMBOL        Swc_SerialTx_Buffer
  D:0080H         PUBLIC        P0
  D:0090H         PUBLIC        P1
  D:00A0H         PUBLIC        P2
  D:00C0H         PUBLIC        XICON
  D:00B0H         PUBLIC        P3
  D:00E8H         PUBLIC        P4
  D:0067H         SYMBOL        Swc_SerialTx_Length
  D:00A8H         PUBLIC        IE
  D:00B8H         PUBLIC        IP
  D:0068H         SYMBOL        Swc_SerialTx_Index
  D:0098H         PUBLIC        SCON
  D:0088H         PUBLIC        TCON
  C:1307H         PUBLIC        Swc_SerialTx_Init
  D:00F0H         PUBLIC        B
  D:00E0H         PUBLIC        ACC
  D:00C8H         PUBLIC        T2CON
  C:0C75H         PUBLIC        Swc_SerialTx_MainFunction
  D:00D0H         PUBLIC        PSW
  C:03FCH         SYMBOL        _Swc_SerialTx_StartReadMessage
  -------         PROC          SWC_SERIALTX_INIT
  C:1307H         LINE#         10
  C:1307H         LINE#         11
  C:1307H         LINE#         12
  C:130AH         LINE#         13
  C:130CH         LINE#         14
  -------         ENDPROC       SWC_SERIALTX_INIT
  -------         PROC          _SWC_SERIALTX_STARTREADMESSAGE
  D:0015H         SYMBOL        adcRaw
  D:0002H         SYMBOL        adcMv
  -------         DO            
  D:0007H         SYMBOL        i
  -------         ENDDO         
  C:03FCH         LINE#         16
  C:0402H         LINE#         17
BL51 BANKED LINKER/LOCATER V6.22                                                      06/02/2026  08:58:49  PAGE 20


  C:0402H         LINE#         20
  C:0402H         LINE#         21
  C:0402H         LINE#         22
  C:040CH         LINE#         23
  C:040CH         LINE#         26
  C:0412H         LINE#         27
  C:0416H         LINE#         28
  C:041AH         LINE#         29
  C:041EH         LINE#         30
  C:0422H         LINE#         31
  C:0426H         LINE#         32
  C:042AH         LINE#         33
  C:042DH         LINE#         34
  C:0431H         LINE#         35
  C:0441H         LINE#         36
  C:0458H         LINE#         37
  C:0468H         LINE#         38
  C:046CH         LINE#         39
  C:0470H         LINE#         40
  C:0474H         LINE#         41
  C:0478H         LINE#         42
  C:0488H         LINE#         43
  C:049FH         LINE#         44
  C:04B6H         LINE#         45
  C:04C6H         LINE#         46
  C:04CAH         LINE#         47
  C:04CEH         LINE#         48
  C:04D1H         LINE#         49
  C:04D4H         LINE#         50
  -------         ENDPROC       _SWC_SERIALTX_STARTREADMESSAGE
  -------         PROC          SWC_SERIALTX_MAINFUNCTION
  -------         DO            
  D:0012H         SYMBOL        adcRaw
  D:0013H         SYMBOL        adcMv
  -------         ENDDO         
  C:0C75H         LINE#         53
  C:0C75H         LINE#         54
  C:0C75H         LINE#         58
  C:0C8AH         LINE#         59
  C:0C8AH         LINE#         61
  C:0C93H         LINE#         62
  C:0C93H         LINE#         64
  C:0CA0H         LINE#         65
  C:0CA0H         LINE#         66
  C:0CB0H         LINE#         67
  C:0CB2H         LINE#         68
  C:0CB2H         LINE#         69
  -------         ENDPROC       SWC_SERIALTX_MAINFUNCTION
  -------         ENDMOD        SWC_SERIALTX

  -------         MODULE        ECUM
  C:0000H         SYMBOL        _ICE_DUMMY_
  D:0080H         PUBLIC        P0
  D:0090H         PUBLIC        P1
  D:00A0H         PUBLIC        P2
  D:00C0H         PUBLIC        XICON
  D:00B0H         PUBLIC        P3
BL51 BANKED LINKER/LOCATER V6.22                                                      06/02/2026  08:58:49  PAGE 21


  D:00E8H         PUBLIC        P4
  D:00A8H         PUBLIC        IE
  D:00B8H         PUBLIC        IP
  D:0098H         PUBLIC        SCON
  D:0088H         PUBLIC        TCON
  D:00F0H         PUBLIC        B
  D:00E0H         PUBLIC        ACC
  C:1352H         PUBLIC        EcuM_Init
  D:00C8H         PUBLIC        T2CON
  D:00D0H         PUBLIC        PSW
  -------         PROC          ECUM_INIT
  C:1352H         LINE#         7
  C:1352H         LINE#         8
  C:1352H         LINE#         9
  -------         ENDPROC       ECUM_INIT
  -------         ENDMOD        ECUM

  -------         MODULE        DET
  C:0000H         SYMBOL        _ICE_DUMMY_
  D:0053H         PUBLIC        Det_LastInstanceId
  C:1101H         PUBLIC        _Det_ReportError
  D:0054H         PUBLIC        Det_ErrorCount
  D:0056H         PUBLIC        Det_LastModuleId
  D:0058H         PUBLIC        Det_LastErrorId
  D:0059H         PUBLIC        Det_LastApiId
  -------         PROC          _DET_REPORTERROR
  D:0006H         SYMBOL        moduleId
  D:0005H         SYMBOL        instanceId
  D:0003H         SYMBOL        apiId
  D:001AH         SYMBOL        errorId
  C:1101H         LINE#         12
  C:1101H         LINE#         13
  C:1101H         LINE#         14
  C:1105H         LINE#         15
  C:1107H         LINE#         16
  C:1109H         LINE#         17
  C:110CH         LINE#         18
  C:1114H         LINE#         20
  C:1116H         LINE#         21
  -------         ENDPROC       _DET_REPORTERROR
  -------         ENDMOD        DET

  -------         MODULE        RTE
  C:0000H         SYMBOL        _ICE_DUMMY_
  D:0080H         PUBLIC        P0
  C:12D8H         PUBLIC        _Rte_At24c02AsyncWrite
  D:0090H         PUBLIC        P1
  D:00A0H         PUBLIC        P2
  D:00C0H         PUBLIC        XICON
  D:00B0H         PUBLIC        P3
  C:134EH         PUBLIC        Rte_RequestAdcRead
  D:00E8H         PUBLIC        P4
  D:002CH         SYMBOL        Rte_SerialReadMessagePending
  C:0AABH         PUBLIC        _Rte_DisplayConsumeLine2
  C:1326H         PUBLIC        _Rte_AdcConvertToMv
  C:12DFH         PUBLIC        _Rte_WriteAdcSample
  D:002DH         SYMBOL        Rte_SaveRequest
BL51 BANKED LINKER/LOCATER V6.22                                                      06/02/2026  08:58:49  PAGE 22


  C:1332H         PUBLIC        _Rte_Lcd1602AsyncShowString
  D:00A8H         PUBLIC        IE
  C:1346H         PUBLIC        _Rte_At24c02GetData
  C:132EH         PUBLIC        Rte_IrSensorGetKey
  C:1358H         PUBLIC        _Rte_SendSerialByte
  C:1322H         PUBLIC        Rte_ReadAdcValue
  C:134AH         PUBLIC        Rte_RequestAdcSave
  D:00B8H         PUBLIC        IP
  C:0F72H         PUBLIC        _Rte_ConsumeSerialReadMessage
  D:002EH         SYMBOL        Rte_SerialReadRaw
  D:002FH         SYMBOL        Rte_DisplayAdcRaw
  C:12A3H         PUBLIC        _Rte_DisplayRequestIrLine
  C:1142H         PUBLIC        Rte_Init
  C:127BH         PUBLIC        _Rte_RequestSerialReadMessage
  C:132AH         PUBLIC        Rte_IrSensorIsKeyReady
  D:0030H         SYMBOL        Rte_SerialReadMv
  D:0098H         PUBLIC        SCON
  D:0088H         PUBLIC        TCON
  D:0032H         SYMBOL        Rte_DisplayAdcMv
  C:1361H         PUBLIC        Rte_ReadAdcRaw
  D:00F0H         PUBLIC        B
  D:0034H         SYMBOL        Rte_AdcRaw
  C:1316H         PUBLIC        Rte_GetSystemTick
  D:0035H         SYMBOL        Rte_DisplayAdcLinePending
  D:00E0H         PUBLIC        ACC
  D:0036H         SYMBOL        Rte_DisplayLine2Type
  X:0092H         SYMBOL        Rte_DisplayLine2Text
  C:1336H         PUBLIC        Rte_Lcd1602IsBusy
  D:0037H         SYMBOL        Rte_DisplayLine2Key
  D:0038H         SYMBOL        Rte_DisplayLine2Raw
  C:0CEEH         SYMBOL        _Rte_CopyText
  C:1342H         PUBLIC        Rte_At24c02IsJobDone
  C:133EH         PUBLIC        Rte_At24c02IsBusy
  C:1355H         PUBLIC        Rte_ClearSerialData
  C:0026H         PUBLIC        Rte_ReadAdcMv
  D:0039H         SYMBOL        Rte_AdcMv
  C:0F51H         PUBLIC        _Rte_DisplayConsumeAdcLine
  C:135BH         PUBLIC        Rte_IrSensorClearKey
  C:0016H         PUBLIC        _Rte_DisplayRequestReadLine
  C:1029H         PUBLIC        Rte_MainFunction
  C:1219H         PUBLIC        Rte_ConsumeAdcReadRequest
  D:00C8H         PUBLIC        T2CON
  D:003BH         SYMBOL        Rte_DisplayLine2Mv
  C:100DH         PUBLIC        _Rte_DisplayRequestStatusLine
  C:135EH         PUBLIC        _Rte_Led8Write
  C:1271H         PUBLIC        _Rte_DisplayRequestAdcLine
  C:131AH         PUBLIC        Rte_ReadSerialData
  D:003DH         SYMBOL        Rte_DisplayLine2Pending
  C:133AH         PUBLIC        _Rte_At24c02AsyncRead
  C:131EH         PUBLIC        Rte_IsSerialTxReady
  C:120BH         PUBLIC        Rte_ConsumeAdcSaveRequest
  D:003EH         SYMBOL        Rte_ReadRequest
  D:00D0H         PUBLIC        PSW
  -------         PROC          _RTE_COPYTEXT
  D:0026H         SYMBOL        destination
  D:0029H         SYMBOL        source
  -------         DO            
BL51 BANKED LINKER/LOCATER V6.22                                                      06/02/2026  08:58:49  PAGE 23


  D:0007H         SYMBOL        i
  -------         ENDDO         
  C:0CEEH         LINE#         41
  C:0CF4H         LINE#         42
  C:0CF4H         LINE#         45
  C:0D06H         LINE#         46
  C:0D06H         LINE#         47
  C:0D14H         LINE#         48
  C:0D18H         LINE#         49
  -------         ENDPROC       _RTE_COPYTEXT
  -------         PROC          RTE_INIT
  C:1142H         LINE#         53
  C:1142H         LINE#         54
  C:1142H         LINE#         55
  C:1145H         LINE#         56
  C:1148H         LINE#         57
  C:114BH         LINE#         58
  C:114EH         LINE#         59
  C:1151H         LINE#         60
  C:1154H         LINE#         61
  -------         ENDPROC       RTE_INIT
  -------         PROC          RTE_MAINFUNCTION
  -------         DO            
  D:0012H         SYMBOL        tick
  -------         ENDDO         
  C:1029H         LINE#         65
  C:1029H         LINE#         66
  C:1029H         LINE#         69
  C:1030H         LINE#         70
  C:1033H         LINE#         71
  C:103AH         LINE#         72
  C:1041H         LINE#         73
  -------         ENDPROC       RTE_MAINFUNCTION
  -------         PROC          RTE_GETSYSTEMTICK
  C:1316H         LINE#         77
  C:1316H         LINE#         78
  C:1316H         LINE#         79
  C:1319H         LINE#         80
  -------         ENDPROC       RTE_GETSYSTEMTICK
  -------         PROC          RTE_READSERIALDATA
  C:131AH         LINE#         83
  C:131AH         LINE#         84
  C:131AH         LINE#         85
  C:131DH         LINE#         86
  -------         ENDPROC       RTE_READSERIALDATA
  -------         PROC          RTE_CLEARSERIALDATA
  C:1355H         LINE#         89
  C:1355H         LINE#         90
  C:1355H         LINE#         91
  -------         ENDPROC       RTE_CLEARSERIALDATA
  -------         PROC          _RTE_SENDSERIALBYTE
  D:0007H         SYMBOL        txData
  C:1358H         LINE#         95
  C:1358H         LINE#         96
  C:1358H         LINE#         97
  -------         ENDPROC       _RTE_SENDSERIALBYTE
  -------         PROC          RTE_ISSERIALTXREADY
BL51 BANKED LINKER/LOCATER V6.22                                                      06/02/2026  08:58:49  PAGE 24


  C:131EH         LINE#         101
  C:131EH         LINE#         102
  C:131EH         LINE#         103
  C:1321H         LINE#         104
  -------         ENDPROC       RTE_ISSERIALTXREADY
  -------         PROC          RTE_READADCVALUE
  C:1322H         LINE#         107
  C:1322H         LINE#         108
  C:1322H         LINE#         109
  C:1325H         LINE#         110
  -------         ENDPROC       RTE_READADCVALUE
  -------         PROC          _RTE_ADCCONVERTTOMV
  D:0007H         SYMBOL        adcValue
  C:1326H         LINE#         113
  C:1326H         LINE#         114
  C:1326H         LINE#         115
  C:1329H         LINE#         116
  -------         ENDPROC       _RTE_ADCCONVERTTOMV
  -------         PROC          RTE_IRSENSORISKEYREADY
  C:132AH         LINE#         119
  C:132AH         LINE#         120
  C:132AH         LINE#         121
  C:132DH         LINE#         122
  -------         ENDPROC       RTE_IRSENSORISKEYREADY
  -------         PROC          RTE_IRSENSORGETKEY
  C:132EH         LINE#         125
  C:132EH         LINE#         126
  C:132EH         LINE#         127
  C:1331H         LINE#         128
  -------         ENDPROC       RTE_IRSENSORGETKEY
  -------         PROC          RTE_IRSENSORCLEARKEY
  C:135BH         LINE#         131
  C:135BH         LINE#         132
  C:135BH         LINE#         133
  -------         ENDPROC       RTE_IRSENSORCLEARKEY
  -------         PROC          _RTE_LED8WRITE
  D:0007H         SYMBOL        value
  C:135EH         LINE#         137
  C:135EH         LINE#         138
  C:135EH         LINE#         139
  -------         ENDPROC       _RTE_LED8WRITE
  -------         PROC          _RTE_LCD1602ASYNCSHOWSTRING
  D:0007H         SYMBOL        row
  D:0005H         SYMBOL        column
  D:0001H         SYMBOL        text
  C:1332H         LINE#         143
  C:1332H         LINE#         144
  C:1332H         LINE#         145
  C:1335H         LINE#         146
  -------         ENDPROC       _RTE_LCD1602ASYNCSHOWSTRING
  -------         PROC          RTE_LCD1602ISBUSY
  C:1336H         LINE#         149
  C:1336H         LINE#         150
  C:1336H         LINE#         151
  C:1339H         LINE#         152
  -------         ENDPROC       RTE_LCD1602ISBUSY
  -------         PROC          _RTE_AT24C02ASYNCWRITE
BL51 BANKED LINKER/LOCATER V6.22                                                      06/02/2026  08:58:49  PAGE 25


  D:0007H         SYMBOL        address
  D:0001H         SYMBOL        dataValue
  D:001AH         SYMBOL        length
  C:12D8H         LINE#         155
  C:12D8H         LINE#         156
  C:12D8H         LINE#         157
  C:12DEH         LINE#         158
  -------         ENDPROC       _RTE_AT24C02ASYNCWRITE
  -------         PROC          _RTE_AT24C02ASYNCREAD
  D:0007H         SYMBOL        address
  D:0005H         SYMBOL        length
  C:133AH         LINE#         161
  C:133AH         LINE#         162
  C:133AH         LINE#         163
  C:133DH         LINE#         164
  -------         ENDPROC       _RTE_AT24C02ASYNCREAD
  -------         PROC          RTE_AT24C02ISBUSY
  C:133EH         LINE#         166
  C:133EH         LINE#         167
  C:133EH         LINE#         168
  C:1341H         LINE#         169
  -------         ENDPROC       RTE_AT24C02ISBUSY
  -------         PROC          RTE_AT24C02ISJOBDONE
  C:1342H         LINE#         171
  C:1342H         LINE#         172
  C:1342H         LINE#         173
  C:1345H         LINE#         174
  -------         ENDPROC       RTE_AT24C02ISJOBDONE
  -------         PROC          _RTE_AT24C02GETDATA
  D:0007H         SYMBOL        index
  C:1346H         LINE#         176
  C:1346H         LINE#         177
  C:1346H         LINE#         178
  C:1349H         LINE#         179
  -------         ENDPROC       _RTE_AT24C02GETDATA
  -------         PROC          _RTE_WRITEADCSAMPLE
  D:0007H         SYMBOL        adcRaw
  D:0004H         SYMBOL        adcMv
  C:12DFH         LINE#         181
  C:12DFH         LINE#         182
  C:12DFH         LINE#         183
  C:12E1H         LINE#         184
  C:12E5H         LINE#         185
  -------         ENDPROC       _RTE_WRITEADCSAMPLE
  -------         PROC          RTE_READADCRAW
  C:1361H         LINE#         187
  C:1361H         LINE#         188
  C:1361H         LINE#         189
  C:1363H         LINE#         190
  -------         ENDPROC       RTE_READADCRAW
  -------         PROC          RTE_READADCMV
  C:0026H         LINE#         192
  C:0026H         LINE#         193
  C:0026H         LINE#         194
  C:002AH         LINE#         195
  -------         ENDPROC       RTE_READADCMV
  -------         PROC          RTE_REQUESTADCSAVE
BL51 BANKED LINKER/LOCATER V6.22                                                      06/02/2026  08:58:49  PAGE 26


  C:134AH         LINE#         197
  C:134AH         LINE#         198
  C:134AH         LINE#         200
  C:134DH         LINE#         201
  -------         ENDPROC       RTE_REQUESTADCSAVE
  -------         PROC          RTE_REQUESTADCREAD
  C:134EH         LINE#         203
  C:134EH         LINE#         204
  C:134EH         LINE#         205
  C:1351H         LINE#         206
  -------         ENDPROC       RTE_REQUESTADCREAD
  -------         PROC          RTE_CONSUMEADCSAVEREQUEST
  C:120BH         LINE#         208
  C:120BH         LINE#         209
  C:120BH         LINE#         210
  C:1210H         LINE#         211
  C:1210H         LINE#         213
  C:1213H         LINE#         214
  C:1216H         LINE#         215
  C:1216H         LINE#         216
  C:1218H         LINE#         217
  -------         ENDPROC       RTE_CONSUMEADCSAVEREQUEST
  -------         PROC          RTE_CONSUMEADCREADREQUEST
  C:1219H         LINE#         219
  C:1219H         LINE#         220
  C:1219H         LINE#         221
  C:121EH         LINE#         222
  C:121EH         LINE#         223
  C:1221H         LINE#         224
  C:1224H         LINE#         225
  C:1224H         LINE#         226
  C:1226H         LINE#         227
  -------         ENDPROC       RTE_CONSUMEADCREADREQUEST
  -------         PROC          _RTE_DISPLAYREQUESTADCLINE
  D:0007H         SYMBOL        adcRaw
  D:0004H         SYMBOL        adcMv
  C:1271H         LINE#         229
  C:1271H         LINE#         230
  C:1271H         LINE#         231
  C:1273H         LINE#         232
  C:1277H         LINE#         233
  C:127AH         LINE#         234
  -------         ENDPROC       _RTE_DISPLAYREQUESTADCLINE
  -------         PROC          _RTE_DISPLAYCONSUMEADCLINE
  D:0001H         SYMBOL        adcRaw
  D:001AH         SYMBOL        adcMv
  C:0F51H         LINE#         236
  C:0F51H         LINE#         237
  C:0F51H         LINE#         238
  C:0F56H         LINE#         239
  C:0F56H         LINE#         240
  C:0F5BH         LINE#         241
  C:0F69H         LINE#         242
  C:0F6CH         LINE#         243
  C:0F6FH         LINE#         244
  C:0F6FH         LINE#         245
  C:0F71H         LINE#         246
BL51 BANKED LINKER/LOCATER V6.22                                                      06/02/2026  08:58:49  PAGE 27


  -------         ENDPROC       _RTE_DISPLAYCONSUMEADCLINE
  -------         PROC          _RTE_DISPLAYREQUESTSTATUSLINE
  D:0016H         SYMBOL        text
  C:100DH         LINE#         248
  C:1013H         LINE#         249
  C:1013H         LINE#         251
  C:1022H         LINE#         252
  C:1025H         LINE#         253
  C:1028H         LINE#         254
  -------         ENDPROC       _RTE_DISPLAYREQUESTSTATUSLINE
  -------         PROC          _RTE_DISPLAYREQUESTREADLINE
  D:0007H         SYMBOL        adcRaw
  D:0004H         SYMBOL        adcMv
  C:0016H         LINE#         256
  C:0016H         LINE#         257
  C:0016H         LINE#         258
  C:0018H         LINE#         259
  C:001CH         LINE#         260
  C:001FH         LINE#         261
  C:0022H         LINE#         262
  -------         ENDPROC       _RTE_DISPLAYREQUESTREADLINE
  -------         PROC          _RTE_DISPLAYREQUESTIRLINE
  D:0007H         SYMBOL        keyValue
  C:12A3H         LINE#         264
  C:12A3H         LINE#         265
  C:12A3H         LINE#         266
  C:12A5H         LINE#         267
  C:12A8H         LINE#         268
  C:12ABH         LINE#         269
  -------         ENDPROC       _RTE_DISPLAYREQUESTIRLINE
  -------         PROC          _RTE_DISPLAYCONSUMELINE2
  D:0001H         SYMBOL        lineType
  D:001AH         SYMBOL        adcRaw
  D:001DH         SYMBOL        adcMv
  D:0020H         SYMBOL        keyValue
  D:0023H         SYMBOL        text
  C:0AABH         LINE#         271
  C:0AABH         LINE#         276
  C:0AABH         LINE#         277
  C:0AB1H         LINE#         278
  C:0AB1H         LINE#         279
  C:0AB6H         LINE#         280
  C:0AC1H         LINE#         281
  C:0ACFH         LINE#         282
  C:0ADAH         LINE#         283
  C:0AECH         LINE#         284
  C:0AEFH         LINE#         285
  C:0AF1H         LINE#         286
  C:0AF4H         LINE#         287
  C:0AF4H         LINE#         288
  C:0AF6H         LINE#         289
  -------         ENDPROC       _RTE_DISPLAYCONSUMELINE2
  -------         PROC          _RTE_REQUESTSERIALREADMESSAGE
  D:0007H         SYMBOL        adcRaw
  D:0004H         SYMBOL        adcMv
  C:127BH         LINE#         291
  C:127BH         LINE#         292
BL51 BANKED LINKER/LOCATER V6.22                                                      06/02/2026  08:58:49  PAGE 28


  C:127BH         LINE#         294
  C:127DH         LINE#         295
  C:1281H         LINE#         296
  C:1284H         LINE#         297
  -------         ENDPROC       _RTE_REQUESTSERIALREADMESSAGE
  -------         PROC          _RTE_CONSUMESERIALREADMESSAGE
  D:0001H         SYMBOL        adcRaw
  D:0018H         SYMBOL        adcMv
  C:0F72H         LINE#         299
  C:0F72H         LINE#         300
  C:0F72H         LINE#         301
  C:0F77H         LINE#         302
  C:0F77H         LINE#         303
  C:0F7CH         LINE#         304
  C:0F8AH         LINE#         305
  C:0F8DH         LINE#         306
  C:0F90H         LINE#         307
  C:0F90H         LINE#         308
  C:0F92H         LINE#         309
  -------         ENDPROC       _RTE_CONSUMESERIALREADMESSAGE
  -------         ENDMOD        RTE

  -------         MODULE        SCHM
  C:0000H         SYMBOL        _ICE_DUMMY_
  D:0080H         PUBLIC        P0
  D:0090H         PUBLIC        P1
  D:00A0H         PUBLIC        P2
  D:00C0H         PUBLIC        XICON
  D:00B0H         PUBLIC        P3
  D:00E8H         PUBLIC        P4
  B:00A8H.7       PUBLIC        EA
  D:00A8H         PUBLIC        IE
  C:12E6H         PUBLIC        SchM_Exit_Uart_RxData
  D:00B8H         PUBLIC        IP
  D:0098H         PUBLIC        SCON
  D:0088H         PUBLIC        TCON
  D:00F0H         PUBLIC        B
  D:00E0H         PUBLIC        ACC
  D:006FH         SYMBOL        SchM_UartRxDataSavedEa
  D:00C8H         PUBLIC        T2CON
  C:12ACH         PUBLIC        SchM_Enter_Uart_RxData
  D:00D0H         PUBLIC        PSW
  -------         PROC          SCHM_ENTER_UART_RXDATA
  C:12ACH         LINE#         9
  C:12ACH         LINE#         10
  C:12ACH         LINE#         11
  C:12B2H         LINE#         12
  C:12B4H         LINE#         13
  -------         ENDPROC       SCHM_ENTER_UART_RXDATA
  -------         PROC          SCHM_EXIT_UART_RXDATA
  C:12E6H         LINE#         16
  C:12E6H         LINE#         17
  C:12E6H         LINE#         18
  C:12ECH         LINE#         19
  -------         ENDPROC       SCHM_EXIT_UART_RXDATA
  -------         ENDMOD        SCHM

BL51 BANKED LINKER/LOCATER V6.22                                                      06/02/2026  08:58:49  PAGE 29


  -------         MODULE        TIMER2
  C:0000H         SYMBOL        _ICE_DUMMY_
  D:0080H         PUBLIC        P0
  D:0090H         PUBLIC        P1
  D:00A0H         PUBLIC        P2
  D:00C0H         PUBLIC        XICON
  D:00B0H         PUBLIC        P3
  D:00E8H         PUBLIC        P4
  B:00A8H.7       PUBLIC        EA
  D:00A8H         PUBLIC        IE
  D:00B8H         PUBLIC        IP
  D:00CBH         PUBLIC        RCAP2H
  D:0069H         SYMBOL        Timer2_Tick
  D:00CAH         PUBLIC        RCAP2L
  C:1076H         PUBLIC        Timer2_Init
  D:0098H         PUBLIC        SCON
  D:0088H         PUBLIC        TCON
  D:00F0H         PUBLIC        B
  C:11EDH         PUBLIC        Timer2_Isr
  C:117FH         PUBLIC        Timer2_GetTick
  D:00E0H         PUBLIC        ACC
  B:00A8H.5       PUBLIC        ET2
  B:00C8H.7       PUBLIC        TF2
  D:00CDH         PUBLIC        TH2
  D:00CCH         PUBLIC        TL2
  B:00C8H.2       PUBLIC        TR2
  D:00C8H         PUBLIC        T2CON
  D:00D0H         PUBLIC        PSW
  -------         PROC          TIMER2_INIT
  C:1076H         LINE#         6
  C:1076H         LINE#         7
  C:1076H         LINE#         8
  C:107CH         LINE#         9
  C:1082H         LINE#         10
  C:1087H         LINE#         11
  C:1089H         LINE#         12
  C:108BH         LINE#         13
  C:108DH         LINE#         14
  -------         ENDPROC       TIMER2_INIT
  -------         PROC          TIMER2_GETTICK
  -------         DO            
  D:0002H         SYMBOL        tick
  D:0007H         SYMBOL        savedEa
  -------         ENDDO         
  C:117FH         LINE#         17
  C:117FH         LINE#         18
  C:117FH         LINE#         22
  C:1183H         LINE#         23
  C:1185H         LINE#         24
  C:1189H         LINE#         25
  C:118DH         LINE#         27
  C:1191H         LINE#         28
  -------         ENDPROC       TIMER2_GETTICK
  -------         PROC          TIMER2_ISR
  C:11EDH         LINE#         31
  C:11EFH         LINE#         33
  C:11F1H         LINE#         34
BL51 BANKED LINKER/LOCATER V6.22                                                      06/02/2026  08:58:49  PAGE 30


  C:11F9H         LINE#         35
  -------         ENDPROC       TIMER2_ISR
  -------         ENDMOD        TIMER2

  -------         MODULE        ?C_STARTUP
  C:0781H         SEGMENT       ?C_C51STARTUP
  I:0071H         SEGMENT       ?STACK
  C:0000H         PUBLIC        ?C_STARTUP
  D:00E0H         SYMBOL        ACC
  D:00F0H         SYMBOL        B
  D:0083H         SYMBOL        DPH
  D:0082H         SYMBOL        DPL
  N:0000H         SYMBOL        IBPSTACK
  N:0100H         SYMBOL        IBPSTACKTOP
  N:0080H         SYMBOL        IDATALEN
  C:0784H         SYMBOL        IDATALOOP
  N:0000H         SYMBOL        PBPSTACK
  N:0100H         SYMBOL        PBPSTACKTOP
  N:0000H         SYMBOL        PDATALEN
  N:0000H         SYMBOL        PDATASTART
  N:0000H         SYMBOL        PPAGE
  N:0000H         SYMBOL        PPAGEENABLE
  D:00A0H         SYMBOL        PPAGE_SFR
  D:0081H         SYMBOL        SP
  C:0781H         SYMBOL        STARTUP1
  N:0000H         SYMBOL        XBPSTACK
  N:0000H         SYMBOL        XBPSTACKTOP
  N:0000H         SYMBOL        XDATALEN
  N:0000H         SYMBOL        XDATASTART
  C:0000H         LINE#         126
  C:0781H         LINE#         133
  C:0783H         LINE#         134
  C:0784H         LINE#         135
  C:0785H         LINE#         136
  C:0787H         LINE#         185
  C:078AH         LINE#         196
  -------         ENDMOD        ?C_STARTUP

  -------         MODULE        DELAY
  C:0000H         SYMBOL        _ICE_DUMMY_
  D:0080H         PUBLIC        P0
  D:0090H         PUBLIC        P1
  D:00A0H         PUBLIC        P2
  D:00C0H         PUBLIC        XICON
  D:00B0H         PUBLIC        P3
  D:00E8H         PUBLIC        P4
  D:00A8H         PUBLIC        IE
  D:00B8H         PUBLIC        IP
  C:0FD3H         PUBLIC        _Delay_WaitMs
  D:0098H         PUBLIC        SCON
  D:0088H         PUBLIC        TCON
  D:00F0H         PUBLIC        B
  D:00E0H         PUBLIC        ACC
  D:00C8H         PUBLIC        T2CON
  D:00D0H         PUBLIC        PSW
  -------         PROC          _DELAY_WAITMS
  D:0006H         SYMBOL        ms
BL51 BANKED LINKER/LOCATER V6.22                                                      06/02/2026  08:58:49  PAGE 31


  -------         DO            
  D:0006H         SYMBOL        i
  D:0004H         SYMBOL        j
  -------         ENDDO         
  C:0FD3H         LINE#         6
  C:0FD3H         LINE#         7
  C:0FD3H         LINE#         9
  C:0FDCH         LINE#         10
  C:0FDCH         LINE#         11
  C:0FE9H         LINE#         12
  C:0FF0H         LINE#         13
  -------         ENDPROC       _DELAY_WAITMS
  -------         ENDMOD        DELAY

  -------         MODULE        DIO
  C:0000H         SYMBOL        _ICE_DUMMY_
  D:0080H         PUBLIC        P0
  D:0090H         PUBLIC        P1
  D:00A0H         PUBLIC        P2
  D:00C0H         PUBLIC        XICON
  D:00B0H         PUBLIC        P3
  D:00E8H         PUBLIC        P4
  D:00A8H         PUBLIC        IE
  D:00B8H         PUBLIC        IP
  C:1157H         PUBLIC        _Dio_WritePort
  D:0098H         PUBLIC        SCON
  B:00A0H.3       PUBLIC        P23
  D:0088H         PUBLIC        TCON
  B:00A0H.5       PUBLIC        P25
  D:00F0H         PUBLIC        B
  D:00E0H         PUBLIC        ACC
  C:0F93H         PUBLIC        _Dio_WriteChannel
  D:00C8H         PUBLIC        T2CON
  D:00D0H         PUBLIC        PSW
  -------         PROC          _DIO_WRITEPORT
  D:0007H         SYMBOL        portId
  D:0005H         SYMBOL        portLevel
  C:1157H         LINE#         7
  C:1157H         LINE#         8
  C:1157H         LINE#         9
  C:115AH         LINE#         10
  C:115AH         LINE#         11
  C:115CH         LINE#         12
  C:115DH         LINE#         14
  C:115DH         LINE#         15
  C:116AH         LINE#         17
  C:116AH         LINE#         18
  -------         ENDPROC       _DIO_WRITEPORT
  -------         PROC          _DIO_WRITECHANNEL
  D:0007H         SYMBOL        channelId
  D:0005H         SYMBOL        channelLevel
  C:0F93H         LINE#         21
  C:0F93H         LINE#         22
  C:0F93H         LINE#         23
  C:0F96H         LINE#         24
  C:0F96H         LINE#         25
  C:0F9BH         LINE#         26
BL51 BANKED LINKER/LOCATER V6.22                                                      06/02/2026  08:58:49  PAGE 32


  C:0F9CH         LINE#         27
  C:0F9FH         LINE#         28
  C:0F9FH         LINE#         29
  C:0FA4H         LINE#         30
  C:0FA5H         LINE#         32
  C:0FA5H         LINE#         33
  C:0FB2H         LINE#         35
  C:0FB2H         LINE#         36
  -------         ENDPROC       _DIO_WRITECHANNEL
  -------         ENDMOD        DIO

  -------         MODULE        UART
  C:0000H         SYMBOL        _ICE_DUMMY_
  D:0080H         PUBLIC        P0
  D:0090H         PUBLIC        P1
  C:128FH         PUBLIC        Uart_IsTxReady
  D:00A0H         PUBLIC        P2
  D:00C0H         PUBLIC        XICON
  D:00B0H         PUBLIC        P3
  D:00E8H         PUBLIC        P4
[...]
  D:00C0H         PUBLIC        XICON
  D:00B0H         PUBLIC        P3
  D:00E8H         PUBLIC        P4
  B:00B0H.5       PUBLIC        Lcd1602_Rs
  C:124FH         SYMBOL        _Lcd1602_MakeAddress
  D:00A8H         PUBLIC        IE
BL51 BANKED LINKER/LOCATER V6.22                                                      06/02/2026  08:58:49  PAGE 44


  C:11CAH         PUBLIC        _Lcd1602_WriteCommand
  C:0A5DH         PUBLIC        _Lcd1602_MainFunction
  D:00B8H         PUBLIC        IP
  C:12BEH         PUBLIC        Lcd1602_IsBusy
  D:005FH         SYMBOL        Lcd1602_QueueLength
  D:0098H         PUBLIC        SCON
  D:0088H         PUBLIC        TCON
  D:00F0H         PUBLIC        B
  D:0060H         SYMBOL        Lcd1602_QueueIndex
  X:0000H         SYMBOL        Lcd1602_QueueData
  D:00E0H         PUBLIC        ACC
  C:0D27H         PUBLIC        Lcd1602_Init
  C:0884H         PUBLIC        _Lcd1602_AsyncShowString
  D:00C8H         PUBLIC        T2CON
  C:0E1BH         SYMBOL        _Lcd1602_QueuePush
  X:0018H         SYMBOL        Lcd1602_QueueType
  D:0061H         SYMBOL        Lcd1602_NextTick
  B:00B0H.4       PUBLIC        Lcd1602_En
  C:11A5H         SYMBOL        _Lcd1602_WriteRaw
  D:00D0H         PUBLIC        PSW
  -------         PROC          _LCD1602_WRITERAW
  D:0007H         SYMBOL        type
  D:0005H         SYMBOL        dataValue
  C:11A5H         LINE#         20
  C:11A5H         LINE#         21
  C:11A5H         LINE#         22
  C:11A7H         LINE#         23
  C:11AAH         LINE#         24
  C:11AAH         LINE#         25
  C:11ACH         LINE#         26
  C:11AEH         LINE#         28
  C:11AEH         LINE#         29
  C:11B0H         LINE#         30
  C:11B0H         LINE#         31
  C:11B2H         LINE#         32
  C:11B4H         LINE#         33
  C:11B5H         LINE#         34
  C:11B7H         LINE#         35
  -------         ENDPROC       _LCD1602_WRITERAW
  -------         PROC          _LCD1602_QUEUEPUSH
  D:0007H         SYMBOL        type
  D:0005H         SYMBOL        dataValue
  C:0E1BH         LINE#         38
  C:0E1BH         LINE#         39
  C:0E1BH         LINE#         40
  C:0E22H         LINE#         41
  C:0E22H         LINE#         42
  C:0E25H         LINE#         43
  C:0E25H         LINE#         44
  C:0E32H         LINE#         45
  C:0E3FH         LINE#         46
  C:0E41H         LINE#         47
  C:0E43H         LINE#         48
  -------         ENDPROC       _LCD1602_QUEUEPUSH
  -------         PROC          _LCD1602_MAKEADDRESS
  D:0007H         SYMBOL        row
  D:0005H         SYMBOL        column
BL51 BANKED LINKER/LOCATER V6.22                                                      06/02/2026  08:58:49  PAGE 45


  C:124FH         LINE#         51
  C:124FH         LINE#         52
  C:124FH         LINE#         53
  C:1253H         LINE#         54
  C:1253H         LINE#         55
  C:1257H         LINE#         56
  C:1257H         LINE#         57
  C:125AH         LINE#         58
  -------         ENDPROC       _LCD1602_MAKEADDRESS
  -------         PROC          _LCD1602_WRITECOMMAND
  D:0007H         SYMBOL        command
  C:11CAH         LINE#         61
  C:11CAH         LINE#         62
  C:11CAH         LINE#         63
  C:11CCH         LINE#         64
  C:11CEH         LINE#         65
  C:11D0H         LINE#         66
  C:11D2H         LINE#         67
  C:11D9H         LINE#         68
  C:11DBH         LINE#         69
  -------         ENDPROC       _LCD1602_WRITECOMMAND
  -------         PROC          LCD1602_INIT
  C:0D27H         LINE#         72
  C:0D27H         LINE#         73
  C:0D27H         LINE#         74
  C:0D2CH         LINE#         75
  C:0D33H         LINE#         76
  C:0D38H         LINE#         77
  C:0D3FH         LINE#         78
  C:0D44H         LINE#         79
  C:0D4BH         LINE#         80
  C:0D50H         LINE#         81
  C:0D57H         LINE#         82
  C:0D5AH         LINE#         83
  C:0D5CH         LINE#         84
  -------         ENDPROC       LCD1602_INIT
  -------         PROC          _LCD1602_ASYNCSHOWSTRING
  D:0012H         SYMBOL        row
  D:0013H         SYMBOL        column
  D:0014H         SYMBOL        text
  -------         DO            
  D:0006H         SYMBOL        i
  -------         ENDDO         
  C:0884H         LINE#         87
  C:088EH         LINE#         88
  C:088EH         LINE#         91
  C:08A7H         LINE#         92
  C:08A7H         LINE#         93
  C:08AAH         LINE#         94
  C:08AAH         LINE#         95
  C:08B0H         LINE#         96
  C:08B0H         LINE#         98
  C:08B3H         LINE#         99
  C:08B3H         LINE#         102
  C:08B6H         LINE#         103
  C:08B8H         LINE#         104
  C:08C9H         LINE#         105
BL51 BANKED LINKER/LOCATER V6.22                                                      06/02/2026  08:58:49  PAGE 46


  C:08C9H         LINE#         106
  C:08CCH         LINE#         107
  C:08CCH         LINE#         108
  C:08DFH         LINE#         109
  C:08DFH         LINE#         110
  C:08E7H         LINE#         111
  C:08E7H         LINE#         112
  C:08EAH         LINE#         113
  C:08EAH         LINE#         114
  C:08EDH         LINE#         115
  C:08EFH         LINE#         116
  -------         ENDPROC       _LCD1602_ASYNCSHOWSTRING
  -------         PROC          _LCD1602_MAINFUNCTION
  D:0002H         SYMBOL        tick
  C:0A5DH         LINE#         119
  C:0A61H         LINE#         120
  C:0A61H         LINE#         121
  C:0A68H         LINE#         122
  C:0A68H         LINE#         124
  C:0A68H         LINE#         125
  C:0A76H         LINE#         126
  C:0A76H         LINE#         129
  C:0A76H         LINE#         131
  C:0A93H         LINE#         133
  C:0A95H         LINE#         134
  C:0A9EH         LINE#         135
  C:0AA5H         LINE#         136
  C:0AA5H         LINE#         138
  C:0AA8H         LINE#         139
  C:0AAAH         LINE#         140
  C:0AAAH         LINE#         141
  -------         ENDPROC       _LCD1602_MAINFUNCTION
  -------         PROC          LCD1602_ISBUSY
  C:12BEH         LINE#         144
  C:12BEH         LINE#         145
  C:12BEH         LINE#         146
  C:12C2H         LINE#         147
  C:12C2H         LINE#         148
  C:12C4H         LINE#         149
  C:12C4H         LINE#         150
  C:12C6H         LINE#         151
  -------         ENDPROC       LCD1602_ISBUSY
  -------         ENDMOD        LCD1602

  -------         MODULE        AT24C02
  C:0000H         SYMBOL        _ICE_DUMMY_
  D:0080H         PUBLIC        P0
  D:0090H         PUBLIC        P1
  D:00A0H         PUBLIC        P2
  D:00C0H         PUBLIC        XICON
  D:00B0H         PUBLIC        P3
  D:00E8H         PUBLIC        P4
  D:004BH         SYMBOL        At24c02_Address
  D:00A8H         PUBLIC        IE
  C:002EH         PUBLIC        _At24c02_MainFunction
  D:00B8H         PUBLIC        IP
  X:00B4H         SYMBOL        At24c02_Buffer
BL51 BANKED LINKER/LOCATER V6.22                                                      06/02/2026  08:58:49  PAGE 47


  C:1266H         PUBLIC        At24c02_IsJobDone
  C:1235H         PUBLIC        At24c02_IsBusy
  D:004CH         SYMBOL        At24c02_Length
  D:0098H         PUBLIC        SCON
  D:0088H         PUBLIC        TCON
  D:004DH         SYMBOL        At24c02_Index
  D:00F0H         PUBLIC        B
  C:0E44H         PUBLIC        _At24c02_AsyncRead
  D:004EH         SYMBOL        At24c02_State
  D:00E0H         PUBLIC        ACC
  D:004FH         SYMBOL        At24c02_AfterAckState
  C:0A0AH         PUBLIC        _At24c02_AsyncWrite
  C:12C7H         PUBLIC        At24c02_Init
  D:0050H         SYMBOL        At24c02_Job
  C:1117H         PUBLIC        _At24c02_GetData
  D:00C8H         PUBLIC        T2CON
  D:0051H         SYMBOL        At24c02_WaitUntil
  D:00D0H         PUBLIC        PSW
  -------         PROC          AT24C02_INIT
  C:12C7H         LINE#         45
  C:12C7H         LINE#         46
  C:12C7H         LINE#         47
  C:12CAH         LINE#         48
  C:12CDH         LINE#         49
  C:12CFH         LINE#         50
  -------         ENDPROC       AT24C02_INIT
  -------         PROC          _AT24C02_ASYNCWRITE
  D:001BH         SYMBOL        address
  D:001CH         SYMBOL        dataValue
  D:001FH         SYMBOL        length
  -------         DO            
  D:0007H         SYMBOL        i
  -------         ENDDO         
  C:0A0AH         LINE#         53
  C:0A12H         LINE#         54
  C:0A12H         LINE#         57
  C:0A23H         LINE#         58
  C:0A23H         LINE#         59
  C:0A26H         LINE#         60
  C:0A26H         LINE#         61
  C:0A2EH         LINE#         62
  C:0A2EH         LINE#         63
  C:0A49H         LINE#         64
  C:0A4CH         LINE#         65
  C:0A4FH         LINE#         66
  C:0A52H         LINE#         67
  C:0A55H         LINE#         68
  C:0A58H         LINE#         69
  C:0A5BH         LINE#         70
  C:0A5CH         LINE#         71
  -------         ENDPROC       _AT24C02_ASYNCWRITE
  -------         PROC          _AT24C02_ASYNCREAD
  D:0012H         SYMBOL        address
  D:0013H         SYMBOL        length
  C:0E44H         LINE#         74
  C:0E48H         LINE#         75
  C:0E48H         LINE#         76
BL51 BANKED LINKER/LOCATER V6.22                                                      06/02/2026  08:58:49  PAGE 48


  C:0E59H         LINE#         77
  C:0E59H         LINE#         78
  C:0E5CH         LINE#         79
  C:0E5CH         LINE#         80
  C:0E5FH         LINE#         81
  C:0E62H         LINE#         82
  C:0E65H         LINE#         83
  C:0E68H         LINE#         84
  C:0E6BH         LINE#         85
  C:0E6CH         LINE#         86
  -------         ENDPROC       _AT24C02_ASYNCREAD
  -------         PROC          _AT24C02_MAINFUNCTION
  D:0014H         SYMBOL        tick
  C:002EH         LINE#         89
  C:0032H         LINE#         90
  C:0032H         LINE#         91
  C:008DH         LINE#         92
  C:008DH         LINE#         93
  C:008DH         LINE#         95
  C:009AH         LINE#         96
  C:009AH         LINE#         97
  C:009DH         LINE#         98
  C:009DH         LINE#         99
  C:009EH         LINE#         100
  C:009EH         LINE#         101
  C:00A9H         LINE#         102
  C:00A9H         LINE#         103
  C:00ACH         LINE#         104
  C:00ACH         LINE#         105
  C:00ADH         LINE#         106
  C:00ADH         LINE#         108
  C:00BAH         LINE#         109
  C:00BAH         LINE#         110
  C:00BDH         LINE#         111
  C:00BDH         LINE#         112
  C:00BEH         LINE#         113
  C:00BEH         LINE#         114
  C:00C9H         LINE#         115
  C:00C9H         LINE#         116
  C:00CCH         LINE#         117
  C:00CCH         LINE#         118
  C:00CCH         LINE#         119
  C:00CFH         LINE#         120
  C:00CFH         LINE#         121
  C:00DCH         LINE#         122
  C:00DCH         LINE#         123
  C:00DFH         LINE#         124
  C:00DFH         LINE#         125
  C:00E0H         LINE#         126
  C:00E0H         LINE#         127
  C:00EBH         LINE#         128
  C:00EBH         LINE#         130
  C:00EEH         LINE#         131
  C:00EEH         LINE#         132
  C:00EFH         LINE#         133
  C:00EFH         LINE#         135
  C:00FFH         LINE#         136
BL51 BANKED LINKER/LOCATER V6.22                                                      06/02/2026  08:58:49  PAGE 49


  C:00FFH         LINE#         137
  C:0102H         LINE#         138
  C:0102H         LINE#         139
  C:0103H         LINE#         140
  C:0103H         LINE#         141
  C:010EH         LINE#         142
  C:010EH         LINE#         143
  C:0113H         LINE#         144
  C:0113H         LINE#         145
  C:0116H         LINE#         146
  C:0118H         LINE#         148
  C:0118H         LINE#         150
  C:011BH         LINE#         151
  C:011BH         LINE#         152
  C:011BH         LINE#         153
  C:011BH         LINE#         154
  C:011DH         LINE#         155
  C:011DH         LINE#         156
  C:0135H         LINE#         157
  C:0135H         LINE#         158
  C:0138H         LINE#         159
  C:0138H         LINE#         160
  C:0139H         LINE#         161
  C:0139H         LINE#         162
  C:0144H         LINE#         163
  C:0144H         LINE#         164
  C:0146H         LINE#         165
  C:014DH         LINE#         166
  C:014DH         LINE#         168
  C:0150H         LINE#         169
  C:0152H         LINE#         171
  C:0152H         LINE#         172
  C:0155H         LINE#         173
  C:0155H         LINE#         174
  C:0155H         LINE#         175
  C:0155H         LINE#         176
  C:0157H         LINE#         177
  C:0157H         LINE#         178
  C:0164H         LINE#         179
  C:0164H         LINE#         180
  C:0167H         LINE#         181
  C:0167H         LINE#         182
  C:0168H         LINE#         183
  C:0168H         LINE#         184
  C:0173H         LINE#         185
  C:0173H         LINE#         186
  C:0176H         LINE#         187
  C:0176H         LINE#         188
  C:0177H         LINE#         189
  C:0177H         LINE#         191
  C:0184H         LINE#         192
  C:0184H         LINE#         193
  C:0187H         LINE#         194
  C:0187H         LINE#         195
  C:0188H         LINE#         196
  C:0188H         LINE#         197
  C:0193H         LINE#         198
BL51 BANKED LINKER/LOCATER V6.22                                                      06/02/2026  08:58:49  PAGE 50


  C:0193H         LINE#         199
  C:0196H         LINE#         200
  C:0199H         LINE#         201
  C:0199H         LINE#         202
  C:019AH         LINE#         203
  C:019AH         LINE#         204
  C:01A7H         LINE#         205
  C:01A7H         LINE#         206
  C:01AAH         LINE#         207
  C:01AAH         LINE#         208
  C:01ABH         LINE#         209
  C:01ABH         LINE#         210
  C:01B3H         LINE#         211
  C:01B3H         LINE#         213
  C:01C3H         LINE#         214
  C:01C5H         LINE#         215
  C:01C8H         LINE#         216
  C:01C8H         LINE#         217
  C:01C9H         LINE#         218
  C:01C9H         LINE#         220
  C:01D3H         LINE#         221
  C:01D3H         LINE#         222
  C:01D6H         LINE#         223
  C:01D6H         LINE#         224
  C:01D7H         LINE#         225
  C:01D7H         LINE#         226
  C:01DFH         LINE#         227
  C:01DFH         LINE#         228
  C:01E2H         LINE#         229
  C:01E2H         LINE#         230
  C:01E3H         LINE#         231
  C:01E3H         LINE#         232
  C:01EDH         LINE#         233
  C:01EDH         LINE#         234
  C:01F0H         LINE#         235
  C:01F0H         LINE#         236
  C:01F1H         LINE#         237
  C:01F1H         LINE#         238
  C:01F9H         LINE#         239
  C:01F9H         LINE#         240
  C:01FEH         LINE#         241
  C:01FEH         LINE#         242
  C:0209H         LINE#         243
  C:020CH         LINE#         244
  C:020DH         LINE#         245
  C:0214H         LINE#         246
  C:0214H         LINE#         248
  C:0217H         LINE#         249
  C:0218H         LINE#         256
  C:0218H         LINE#         257
  C:0228H         LINE#         258
  C:0228H         LINE#         259
  C:022BH         LINE#         260
  C:022BH         LINE#         261
  C:022BH         LINE#         262
  C:022BH         LINE#         263
  C:022BH         LINE#         264
BL51 BANKED LINKER/LOCATER V6.22                                                      06/02/2026  08:58:49  PAGE 51


  C:022BH         LINE#         265
  -------         ENDPROC       _AT24C02_MAINFUNCTION
  -------         PROC          AT24C02_ISBUSY
  C:1235H         LINE#         268
  C:1235H         LINE#         269
  C:1235H         LINE#         270
  C:123DH         LINE#         271
  C:123DH         LINE#         272
  C:1240H         LINE#         273
  C:1240H         LINE#         274
  C:1242H         LINE#         275
  -------         ENDPROC       AT24C02_ISBUSY
  -------         PROC          AT24C02_ISJOBDONE
  C:1266H         LINE#         278
  C:1266H         LINE#         279
  C:1266H         LINE#         280
  C:126BH         LINE#         281
  C:126BH         LINE#         282
  C:126EH         LINE#         283
  C:126EH         LINE#         284
  C:1270H         LINE#         285
  -------         ENDPROC       AT24C02_ISJOBDONE
  -------         PROC          _AT24C02_GETDATA
  D:0007H         SYMBOL        index
  C:1117H         LINE#         288
  C:1117H         LINE#         289
  C:1117H         LINE#         290
  C:111DH         LINE#         291
  C:111DH         LINE#         292
  C:1120H         LINE#         293
  C:1120H         LINE#         294
  C:112CH         LINE#         295
  -------         ENDPROC       _AT24C02_GETDATA
  -------         ENDMOD        AT24C02

  -------         MODULE        LED8
  C:0000H         SYMBOL        _ICE_DUMMY_
  D:0080H         PUBLIC        P0
  D:0090H         PUBLIC        P1
  D:00A0H         PUBLIC        P2
  D:00C0H         PUBLIC        XICON
  D:00B0H         PUBLIC        P3
  D:00E8H         PUBLIC        P4
  D:00A8H         PUBLIC        IE
  D:00B8H         PUBLIC        IP
  D:0098H         PUBLIC        SCON
  D:0088H         PUBLIC        TCON
  C:0FB3H         PUBLIC        _Led8_Write
  D:00F0H         PUBLIC        B
  C:130DH         PUBLIC        Led8_Init
  D:00E0H         PUBLIC        ACC
  D:00C8H         PUBLIC        T2CON
  D:00D0H         PUBLIC        PSW
  -------         PROC          LED8_INIT
  C:130DH         LINE#         5
  C:130DH         LINE#         6
  C:130DH         LINE#         7
BL51 BANKED LINKER/LOCATER V6.22                                                      06/02/2026  08:58:49  PAGE 52


  -------         ENDPROC       LED8_INIT
  -------         PROC          _LED8_WRITE
  D:0007H         SYMBOL        value
  -------         DO            
  D:0013H         SYMBOL        portLevel
  -------         ENDDO         
  C:0FB3H         LINE#         15
  C:0FB3H         LINE#         16
  C:0FB3H         LINE#         20
  C:0FB7H         LINE#         25
  C:0FBEH         LINE#         26
  C:0FC5H         LINE#         27
  C:0FCCH         LINE#         28
  -------         ENDPROC       _LED8_WRITE
  -------         ENDMOD        LED8

  -------         MODULE        ?C?CLDOPTR
  C:022CH         PUBLIC        ?C?CLDOPTR
  -------         ENDMOD        ?C?CLDOPTR

  -------         MODULE        ?C?CSTPTR
  C:0259H         PUBLIC        ?C?CSTPTR
  -------         ENDMOD        ?C?CSTPTR

  -------         MODULE        ?C?CSTOPTR
  C:026BH         PUBLIC        ?C?CSTOPTR
  -------         ENDMOD        ?C?CSTOPTR

  -------         MODULE        ?C?UIDIV
  C:028DH         PUBLIC        ?C?UIDIV
  -------         ENDMOD        ?C?UIDIV

  -------         MODULE        ?C?ISTPTR
  C:02E2H         PUBLIC        ?C?ISTPTR
  -------         ENDMOD        ?C?ISTPTR

  -------         MODULE        ?C?ULDIV
  C:033DH         PUBLIC        ?C?ULDIV
  -------         ENDMOD        ?C?ULDIV

  -------         MODULE        ?C?LIMUL
  C:03CFH         PUBLIC        ?C?LIMUL
  -------         ENDMOD        ?C?LIMUL

Program Size: data=114.0 xdata=188 code=4972
LINK/LOCATE RUN COMPLETE.  0 WARNING(S),  0 ERROR(S)
