C51 COMPILER V9.54   IRSENSOR                                                              06/02/2026 03:02:40 PAGE 1   


C51 COMPILER V9.54, COMPILATION OF MODULE IRSENSOR
OBJECT MODULE PLACED IN .\Objects\IrSensor.obj
COMPILER INVOKED BY: E:\Keil5\C51\BIN\C51.EXE Bsw\Mcal\IrSensor\IrSensor.c OPTIMIZE(8,SPEED) BROWSE INCDIR(.\App;.\App\S
                    -wc;.\Config;.\Device;.\Bsw\Common;.\Bsw\Service\EcuM;.\Bsw\Service\Det;.\Bsw\Service\Rte;.\Bsw\Service\SchM;.\Bsw\Servic
                    -e\Timer2;.\Bsw\Mcal\Uart;.\Bsw\Mcal\Delay;.\Bsw\Mcal\Dio;.\Bsw\Mcal\Adc;.\Bsw\Mcal\Iap;.\Bsw\Mcal\Iic;.\Bsw\Mcal\IrSenso
                    -r;.\Bsw\EcuAb\Serial;.\Bsw\EcuAb\IoHwAb;.\Bsw\EcuAb\Display;.\Bsw\EcuAb\Lcd1602;.\Bsw\EcuAb\At24c02;.\Bsw\EcuAb\Led8) DE
                    -BUG OBJECTEXTEND PRINT(.\Listings\IrSensor.lst) OBJECT(.\Objects\IrSensor.obj)

line level    source

   1          #include "IrSensor.h"
   2          
   3          /* NEC一帧共4字节：地址码、地址反码、命令码、命令反码。 */
   4          static volatile uint8 IrSensor_Frame[4] = {0u, 0u, 0u, 0u};
   5          
   6          /* 当前已经接收到第几位，收满32位后校验命令码。 */
   7          static volatile uint8 IrSensor_BitCount = 0u;
   8          
   9          /* TRUE表示已经识别到起始码，后续下降沿开始按0/1解析。 */
  10          static volatile boolean IrSensor_Receiving = FALSE;
  11          
  12          /* ISR置位，App读取并清除；这样中断层和应用层解耦。 */
  13          static volatile boolean IrSensor_KeyReady = FALSE;
  14          static volatile uint8 IrSensor_KeyValue = 0u;
  15          /* 第一次边沿只建立计时基准，不参与协议判断。 */
  16          static volatile boolean IrSensor_FirstEdgeSeen = FALSE;
  17          
  18          /* pulse环形缓冲区：ISR写入，MainFunction读取。 */
  19          static volatile uint16 xdata IrSensor_PulseBuffer[IRSENSOR_PULSE_BUFFER_SIZE];
  20          static volatile uint8 IrSensor_PulseWriteIndex = 0u;
  21          static volatile uint8 IrSensor_PulseReadIndex = 0u;
  22          static volatile boolean IrSensor_PulseOverflow = FALSE;
  23          
  24          /* ISR里调用：把一次脉宽计数放入环形缓冲区。 */
  25          static void IrSensor_PushPulse(uint16 pulseCount)
  26          {
  27   1          uint8 nextWriteIndex;
  28   1      
  29   1          nextWriteIndex = (uint8)(IrSensor_PulseWriteIndex + 1u);
  30   1          if(nextWriteIndex >= IRSENSOR_PULSE_BUFFER_SIZE)
  31   1          {
  32   2              nextWriteIndex = 0u;
  33   2          }
  34   1      
  35   1          if(nextWriteIndex == IrSensor_PulseReadIndex)
  36   1          {
  37   2              IrSensor_PulseOverflow = TRUE; /* 缓冲区满，丢弃这次pulse，让主循环重置解码。 *
             -/
  38   2          }
  39   1          else
  40   1          {
  41   2              IrSensor_PulseBuffer[IrSensor_PulseWriteIndex] = pulseCount;
  42   2              IrSensor_PulseWriteIndex = nextWriteIndex;
  43   2          }
  44   1      }
  45          
  46          /* 主循环里调用：从环形缓冲区取出一个pulse。 */
  47          static Std_ReturnType IrSensor_PopPulse(uint16 *pulseCount)
  48          {
  49   1          boolean savedEa;
  50   1      
C51 COMPILER V9.54   IRSENSOR                                                              06/02/2026 03:02:40 PAGE 2   

  51   1          savedEa = EA;
  52   1          EA = 0;
  53   1          /* 读写索引会被ISR修改，取pulse时短暂关中断保护。 */
  54   1          if(IrSensor_PulseReadIndex == IrSensor_PulseWriteIndex)
  55   1          {
  56   2              EA = savedEa;
  57   2              return E_NOT_OK;
  58   2          }
  59   1      
  60   1          *pulseCount = IrSensor_PulseBuffer[IrSensor_PulseReadIndex];
  61   1          IrSensor_PulseReadIndex++;
  62   1          if(IrSensor_PulseReadIndex >= IRSENSOR_PULSE_BUFFER_SIZE)
  63   1          {
  64   2              IrSensor_PulseReadIndex = 0u;
  65   2          }
  66   1          EA = savedEa;
  67   1      
  68   1          return E_OK;
  69   1      }
  70          
  71          /* 解码一个pulse：判断起始码、0、1，并在收满32位后生成按键值。 */
  72          static void IrSensor_DecodePulse(uint16 pulseCount)
  73          {
  74   1          /* 起始码时间最长，识别到它就认为一帧新数据开始。 */
  75   1          if((pulseCount > IRSENSOR_START_MIN_COUNT) &&
  76   1             (pulseCount < IRSENSOR_START_MAX_COUNT))
  77   1          {
  78   2              IrSensor_BitCount = 0u;
  79   2              IrSensor_Receiving = TRUE;
  80   2              IrSensor_Frame[0] = 0u;
  81   2              IrSensor_Frame[1] = 0u;
  82   2              IrSensor_Frame[2] = 0u;
  83   2              IrSensor_Frame[3] = 0u;
  84   2              return;
  85   2          }
  86   1      
  87   1          if(IrSensor_Receiving == TRUE)
  88   1          {
  89   2              /* 脉宽较长认为是1：右移一位，再把最高位置1。 */
  90   2              if((pulseCount > IRSENSOR_BIT_SPLIT_COUNT) &&
  91   2                 (pulseCount < IRSENSOR_BIT1_MAX_COUNT))
  92   2              {
  93   3                  IrSensor_Frame[IrSensor_BitCount / 8u] =
  94   3                      (uint8)((IrSensor_Frame[IrSensor_BitCount / 8u] >> 1) | 0x80u);
  95   3                  IrSensor_BitCount++;
  96   3              }
  97   2              /* 脉宽较短认为是0：只右移，不置最高位。 */
  98   2              else if((pulseCount > IRSENSOR_BIT0_MIN_COUNT) &&
  99   2                      (pulseCount < IRSENSOR_BIT_SPLIT_COUNT))
 100   2              {
 101   3                  IrSensor_Frame[IrSensor_BitCount / 8u] =
 102   3                      (uint8)(IrSensor_Frame[IrSensor_BitCount / 8u] >> 1);
 103   3                  IrSensor_BitCount++;
 104   3              }
 105   2      
 106   2              /* NEC完整帧为32位，命令码和命令反码互补才算有效。 */
 107   2              if(IrSensor_BitCount >= 32u)
 108   2              {
 109   3                  IrSensor_BitCount = 0u;
 110   3                  IrSensor_Receiving = FALSE;
 111   3                  if(IrSensor_Frame[2] == (uint8)(~IrSensor_Frame[3]))
 112   3                  {
C51 COMPILER V9.54   IRSENSOR                                                              06/02/2026 03:02:40 PAGE 3   

 113   4                      IrSensor_KeyValue = IrSensor_Frame[2];
 114   4                      IrSensor_KeyReady = TRUE;
 115   4                  }
 116   3              }
 117   2          }
 118   1      }
 119          
 120          /* 红外接收初始化：INT1下降沿触发，Timer0用于测量两个下降沿之间的时间。 */
 121          void IrSensor_Init(void)
 122          {
 123   1          IrSensor_BitCount = 0u;
 124   1          IrSensor_Receiving = FALSE;
 125   1          IrSensor_KeyReady = FALSE;
 126   1          IrSensor_KeyValue = 0u;
 127   1          IrSensor_FirstEdgeSeen = FALSE;
 128   1          IrSensor_PulseWriteIndex = 0u;
 129   1          IrSensor_PulseReadIndex = 0u;
 130   1          IrSensor_PulseOverflow = FALSE;
 131   1      
 132   1          IT1 = 1;                       /* INT1下降沿触发：红外接收头输出的脉冲边沿 */
 133   1          EX1 = 1;                       /* 允许外部中断1 */
 134   1          TMOD = (TMOD & 0xf0u) | 0x01u; /* 只改Timer0低4位，避免影响UART使用的Timer1 */
 135   1          TH0 = 0u;
 136   1          TL0 = 0u;
 137   1          TR0 = 1;                       /* 启动Timer0计脉宽 */
 138   1          EA = 1;
 139   1      }
 140          
 141          /* 周期解码：把中断采集到的pulse逐个取出，在主循环上下文里完成NEC解码。 */
 142          void IrSensor_MainFunction(void)
 143          {
 144   1          uint16 pulseCount;
 145   1      
 146   1          if(IrSensor_PulseOverflow == TRUE)
 147   1          {
 148   2              /* 丢过pulse后本帧已经不可靠，丢弃当前解码进度。 */
 149   2              IrSensor_PulseOverflow = FALSE;
 150   2              IrSensor_Receiving = FALSE;
 151   2              IrSensor_BitCount = 0u;
 152   2          }
 153   1      
 154   1          while(IrSensor_PopPulse(&pulseCount) == E_OK)
 155   1          {
 156   2              IrSensor_DecodePulse(pulseCount);
 157   2          }
 158   1      }
 159          
 160          /* 是否已经收到一个校验正确的红外按键值。 */
 161          boolean IrSensor_IsKeyReady(void)
 162          {
 163   1          return IrSensor_KeyReady;
 164   1      }
 165          
 166          /* 读取最近一次红外按键值。 */
 167          uint8 IrSensor_GetKey(void)
 168          {
 169   1          uint8 keyValue;
 170   1          boolean savedEa;
 171   1      
 172   1          savedEa = EA;                  /* 按键值由ISR写入，读取时短暂关中断防止被改写 */
 173   1          EA = 0;
 174   1          keyValue = IrSensor_KeyValue;
C51 COMPILER V9.54   IRSENSOR                                                              06/02/2026 03:02:40 PAGE 4   

 175   1          EA = savedEa;
 176   1      
 177   1          return keyValue;
 178   1      }
 179          
 180          /* 清除按键就绪标志，表示App已经消费了这次按键。 */
 181          void IrSensor_ClearKey(void)
 182          {
 183   1          boolean savedEa;
 184   1      
 185   1          savedEa = EA;                  /* 标志位由ISR置位，清除时也做临界区保护 */
 186   1          EA = 0;
 187   1          IrSensor_KeyReady = FALSE;
 188   1          EA = savedEa;
 189   1      }
 190          
 191          /* INT1中断：只测量脉宽并入队，复杂解码放到主循环里做。 */
 192          void IrSensor_Isr(void) interrupt 2 using 1
 193          {
 194   1          uint16 pulseCount;
 195   1      
 196   1          pulseCount = (uint16)((uint16)TH0 * 256u + TL0); /* 两次下降沿之间的Timer0计数 */
 197   1          TH0 = 0u;
 198   1          TL0 = 0u;
 199   1      
 200   1          /*
 201   1           * 第一次下降沿只用来建立计时基准。
 202   1           * 因为Timer0在初始化后已经开始计数，第一次读到的不是红外协议脉宽，
 203   1           * 如果直接参与判断，可能刚好落入起始码范围而误判。
 204   1           */
 205   1          if(IrSensor_FirstEdgeSeen == FALSE)
 206   1          {
 207   2              IrSensor_FirstEdgeSeen = TRUE;
 208   2              return;
 209   2          }
 210   1      
 211   1          IrSensor_PushPulse(pulseCount);
 212   1      }


MODULE INFORMATION:   STATIC OVERLAYABLE
   CODE SIZE        =    437    ----
   CONSTANT SIZE    =   ----    ----
   XDATA SIZE       =     32    ----
   PDATA SIZE       =   ----    ----
   DATA SIZE        =     12       2
   IDATA SIZE       =   ----    ----
   BIT SIZE         =   ----    ----
END OF MODULE INFORMATION.


C51 COMPILATION COMPLETE.  0 WARNING(S),  0 ERROR(S)
