C51 COMPILER V9.54   SWC_LCDPRESENTER                                                      06/02/2026 03:02:38 PAGE 1   


C51 COMPILER V9.54, COMPILATION OF MODULE SWC_LCDPRESENTER
OBJECT MODULE PLACED IN .\Objects\Swc_LcdPresenter.obj
COMPILER INVOKED BY: E:\Keil5\C51\BIN\C51.EXE App\Swc\Swc_LcdPresenter.c OPTIMIZE(8,SPEED) BROWSE INCDIR(.\App;.\App\Swc
                    -;.\Config;.\Device;.\Bsw\Common;.\Bsw\Service\EcuM;.\Bsw\Service\Det;.\Bsw\Service\Rte;.\Bsw\Service\SchM;.\Bsw\Service\
                    -Timer2;.\Bsw\Mcal\Uart;.\Bsw\Mcal\Delay;.\Bsw\Mcal\Dio;.\Bsw\Mcal\Adc;.\Bsw\Mcal\Iap;.\Bsw\Mcal\Iic;.\Bsw\Mcal\IrSensor;
                    -.\Bsw\EcuAb\Serial;.\Bsw\EcuAb\IoHwAb;.\Bsw\EcuAb\Display;.\Bsw\EcuAb\Lcd1602;.\Bsw\EcuAb\At24c02;.\Bsw\EcuAb\Led8) DEBU
                    -G OBJECTEXTEND PRINT(.\Listings\Swc_LcdPresenter.lst) OBJECT(.\Objects\Swc_LcdPresenter.obj)

line level    source

   1          #include "Swc_LcdPresenter.h"
   2          #include "Rte.h"
   3          
   4          #define SWC_LCD_LINE_LENGTH 16u
   5          
   6          static uint8 xdata Swc_LcdPresenter_Line1[SWC_LCD_LINE_LENGTH + 1u];
   7          static uint8 xdata Swc_LcdPresenter_Line2[SWC_LCD_LINE_LENGTH + 1u];
   8          static boolean Swc_LcdPresenter_Line1Dirty = TRUE;
   9          static boolean Swc_LcdPresenter_Line2Dirty = TRUE;
  10          
  11          static void Swc_LcdPresenter_ClearLine(uint8 line[])
  12          {
  13   1          uint8 i;
  14   1      
  15   1          for(i = 0u; i < SWC_LCD_LINE_LENGTH; i++)
  16   1          {
  17   2              line[i] = ' ';
  18   2          }
  19   1          line[SWC_LCD_LINE_LENGTH] = '\0';
  20   1      }
  21          
  22          static void Swc_LcdPresenter_Write3Digits(uint8 line[], uint8 pos, uint8 value)
  23          {
  24   1          line[pos] = (uint8)(value / 100u + '0');
  25   1          line[(uint8)(pos + 1u)] = (uint8)(value / 10u % 10u + '0');
  26   1          line[(uint8)(pos + 2u)] = (uint8)(value % 10u + '0');
  27   1      }
  28          
  29          static void Swc_LcdPresenter_WriteVoltage(uint8 line[], uint8 pos, uint16 mv)
  30          {
  31   1          line[pos] = (uint8)(mv / 1000u + '0');
  32   1          line[(uint8)(pos + 1u)] = '.';
  33   1          line[(uint8)(pos + 2u)] = (uint8)(mv / 100u % 10u + '0');
  34   1          line[(uint8)(pos + 3u)] = (uint8)(mv / 10u % 10u + '0');
  35   1          line[(uint8)(pos + 4u)] = 'V';
  36   1      }
  37          
  38          static uint8 Swc_LcdPresenter_ToHexChar(uint8 value)
  39          {
  40   1          value = (uint8)(value & 0x0fu);
  41   1          if(value < 10u)
  42   1          {
  43   2              return (uint8)(value + '0');
  44   2          }
  45   1          return (uint8)(value - 10u + 'A');
  46   1      }
  47          
  48          static void Swc_LcdPresenter_SetAdcLine(uint8 adcRaw, uint16 adcMv)
  49          {
  50   1          /* 第一行固定显示实时ADC，其他业务只抢占第二行。 */
  51   1          Swc_LcdPresenter_ClearLine(Swc_LcdPresenter_Line1);
C51 COMPILER V9.54   SWC_LCDPRESENTER                                                      06/02/2026 03:02:38 PAGE 2   

  52   1          Swc_LcdPresenter_Line1[0] = 'A';
  53   1          Swc_LcdPresenter_Line1[1] = 'D';
  54   1          Swc_LcdPresenter_Line1[2] = 'C';
  55   1          Swc_LcdPresenter_Line1[3] = ':';
  56   1          Swc_LcdPresenter_Write3Digits(Swc_LcdPresenter_Line1, 4u, adcRaw);
  57   1          Swc_LcdPresenter_WriteVoltage(Swc_LcdPresenter_Line1, 8u, adcMv);
  58   1          Swc_LcdPresenter_Line1Dirty = TRUE;
  59   1      }
  60          
  61          static void Swc_LcdPresenter_SetStatusLine(uint8 text[])
  62          {
  63   1          uint8 i;
  64   1      
  65   1          Swc_LcdPresenter_ClearLine(Swc_LcdPresenter_Line2);
  66   1          for(i = 0u; (i < SWC_LCD_LINE_LENGTH) && (text[i] != '\0'); i++)
  67   1          {
  68   2              Swc_LcdPresenter_Line2[i] = text[i];
  69   2          }
  70   1          Swc_LcdPresenter_Line2Dirty = TRUE;
  71   1      }
  72          
  73          static void Swc_LcdPresenter_SetReadLine(uint8 adcRaw, uint16 adcMv)
  74          {
  75   1          /* 串口命令2读回EEPROM后，第二行显示保存过的ADC值。 */
  76   1          Swc_LcdPresenter_ClearLine(Swc_LcdPresenter_Line2);
  77   1          Swc_LcdPresenter_Line2[0] = 'R';
  78   1          Swc_LcdPresenter_Line2[1] = 'E';
  79   1          Swc_LcdPresenter_Line2[2] = 'A';
  80   1          Swc_LcdPresenter_Line2[3] = 'D';
  81   1          Swc_LcdPresenter_Line2[4] = ':';
  82   1          Swc_LcdPresenter_Write3Digits(Swc_LcdPresenter_Line2, 5u, adcRaw);
  83   1          Swc_LcdPresenter_WriteVoltage(Swc_LcdPresenter_Line2, 9u, adcMv);
  84   1          Swc_LcdPresenter_Line2Dirty = TRUE;
  85   1      }
  86          
  87          static void Swc_LcdPresenter_SetIrLine(uint8 keyValue)
  88          {
  89   1          /* 红外按键显示为两位十六进制，便于和遥控键值表对照。 */
  90   1          Swc_LcdPresenter_ClearLine(Swc_LcdPresenter_Line2);
  91   1          Swc_LcdPresenter_Line2[0] = 'I';
  92   1          Swc_LcdPresenter_Line2[1] = 'R';
  93   1          Swc_LcdPresenter_Line2[2] = ' ';
  94   1          Swc_LcdPresenter_Line2[3] = 'K';
  95   1          Swc_LcdPresenter_Line2[4] = 'E';
  96   1          Swc_LcdPresenter_Line2[5] = 'Y';
  97   1          Swc_LcdPresenter_Line2[6] = ':';
  98   1          Swc_LcdPresenter_Line2[7] = '0';
  99   1          Swc_LcdPresenter_Line2[8] = 'x';
 100   1          Swc_LcdPresenter_Line2[9] = Swc_LcdPresenter_ToHexChar((uint8)(keyValue >> 4));
 101   1          Swc_LcdPresenter_Line2[10] = Swc_LcdPresenter_ToHexChar(keyValue);
 102   1          Swc_LcdPresenter_Line2Dirty = TRUE;
 103   1      }
 104          
 105          void Swc_LcdPresenter_Init(void)
 106          {
 107   1          Swc_LcdPresenter_ClearLine(Swc_LcdPresenter_Line1);
 108   1          Swc_LcdPresenter_ClearLine(Swc_LcdPresenter_Line2);
 109   1          Swc_LcdPresenter_SetStatusLine("READY");
 110   1          Swc_LcdPresenter_Line1Dirty = TRUE;
 111   1          Swc_LcdPresenter_Line2Dirty = TRUE;
 112   1      }
 113          
C51 COMPILER V9.54   SWC_LCDPRESENTER                                                      06/02/2026 03:02:38 PAGE 3   

 114          static void Swc_LcdPresenter_ConsumeRequests(void)
 115          {
 116   1          uint8 lineType;
 117   1          uint8 adcRaw;
 118   1          uint16 adcMv;
 119   1          uint8 keyValue;
 120   1          uint8 xdata text[SWC_LCD_LINE_LENGTH + 1u];
 121   1      
 122   1          if(Rte_DisplayConsumeAdcLine(&adcRaw, &adcMv) == TRUE)
 123   1          {
 124   2              Swc_LcdPresenter_SetAdcLine(adcRaw, adcMv);
 125   2          }
 126   1      
 127   1          if(Rte_DisplayConsumeLine2(&lineType, &adcRaw, &adcMv, &keyValue, text) == TRUE)
 128   1          {
 129   2              if(lineType == RTE_DISPLAY_LINE2_STATUS)
 130   2              {
 131   3                  Swc_LcdPresenter_SetStatusLine(text);
 132   3              }
 133   2              else if(lineType == RTE_DISPLAY_LINE2_READ_ADC)
 134   2              {
 135   3                  Swc_LcdPresenter_SetReadLine(adcRaw, adcMv);
 136   3              }
 137   2              else if(lineType == RTE_DISPLAY_LINE2_IR_KEY)
 138   2              {
 139   3                  Swc_LcdPresenter_SetIrLine(keyValue);
 140   3              }
 141   2          }
 142   1      }
 143          
 144          /* LCD呈现SWC：把各业务的显示请求整理成LCD1602异步刷新。 */
 145          void Swc_LcdPresenter_MainFunction(void)
 146          {
 147   1          Swc_LcdPresenter_ConsumeRequests();
 148   1      
 149   1          if(Rte_Lcd1602IsBusy() == TRUE)
 150   1          {
 151   2              /* LCD底层队列还没发完，保持脏标志，下轮再尝试提交。 */
 152   2              return;
 153   2          }
 154   1      
 155   1          if(Swc_LcdPresenter_Line1Dirty == TRUE)
 156   1          {
 157   2              if(Rte_Lcd1602AsyncShowString(1u, 1u, Swc_LcdPresenter_Line1) == E_OK)
 158   2              {
 159   3                  Swc_LcdPresenter_Line1Dirty = FALSE;
 160   3              }
 161   2          }
 162   1          else if(Swc_LcdPresenter_Line2Dirty == TRUE)
 163   1          {
 164   2              if(Rte_Lcd1602AsyncShowString(2u, 1u, Swc_LcdPresenter_Line2) == E_OK)
 165   2              {
 166   3                  Swc_LcdPresenter_Line2Dirty = FALSE;
 167   3              }
 168   2          }
 169   1      }


MODULE INFORMATION:   STATIC OVERLAYABLE
   CODE SIZE        =    759    ----
   CONSTANT SIZE    =      6    ----
   XDATA SIZE       =     34      17
C51 COMPILER V9.54   SWC_LCDPRESENTER                                                      06/02/2026 03:02:38 PAGE 4   

   PDATA SIZE       =   ----    ----
   DATA SIZE        =      2      26
   IDATA SIZE       =   ----    ----
   BIT SIZE         =   ----    ----
END OF MODULE INFORMATION.


C51 COMPILATION COMPLETE.  0 WARNING(S),  0 ERROR(S)
